*** Name of the repository:  v001.004.001 ***
*** Environment parameters:  {'S0': 30, 'B0': 0.001, 'K': 28, 'T': 1, 'mu': 0.05, 'sigma': 0.15, 'r': 0.0, 'epsilon': 0.005, 'alpha0': 0, 'max_alpha': 8, 'Ndt': 60} ***
*** Algorithm parameters:  {'Ntrajectories': 300, 'Mtransitions': 300, 'Nepochs': 400, 'gamma': 1, 'seed': 42, 'Nepochs_V_init': 1500, 'Nepochs_V': 300, 'lr_V': '5e-4', 'batch_V': 300, 'hidden_V': 16, 'layers_V': 4, 'Nepochs_pi': 20, 'lr_pi': '5e-4', 'batch_pi': 300, 'hidden_pi': 16, 'layers_pi': 3} ***
*** Risk measures parameters:  {'method': 'CVaR'} ***
*** Run parameters:  None ***
*** Risk measures:  ['CVaR'] ***
*** alpha_cvar:  [0.2]
03-06 00:49:21: Training starting...
--Estimation of V--
 Epoch = 0,  Loss: 0.062891066
 Epoch = 50,  Loss: 0.061352167
 Epoch = 100,  Loss: 0.059332985
 Epoch = 150,  Loss: 0.058212277
 Epoch = 200,  Loss: 0.08863132
 Epoch = 250,  Loss: 0.12050793
 Epoch = 300,  Loss: 0.11931876
 Epoch = 350,  Loss: 0.111087285
 Epoch = 400,  Loss: 0.101187095
 Epoch = 450,  Loss: 0.09083672
 Epoch = 500,  Loss: 0.080810174
 Epoch = 550,  Loss: 0.07162022
 Epoch = 600,  Loss: 0.06418287
 Epoch = 650,  Loss: 0.059840716
 Epoch = 700,  Loss: 0.05866209
 Epoch = 750,  Loss: 0.05913787
 Epoch = 800,  Loss: 0.059913937
 Epoch = 850,  Loss: 0.06050197
 Epoch = 900,  Loss: 0.060873643
 Epoch = 950,  Loss: 0.06109054
 Epoch = 1000,  Loss: 0.061176874
 Epoch = 1050,  Loss: 0.061112914
 Epoch = 1100,  Loss: 0.060852256
 Epoch = 1150,  Loss: 0.06032685
 Epoch = 1200,  Loss: 0.05943826
 Epoch = 1250,  Loss: 0.058036376
 Epoch = 1300,  Loss: 0.05587959
 Epoch = 1350,  Loss: 0.052575216
 Epoch = 1400,  Loss: 0.047557052
 Epoch = 1450,  Loss: 0.040431205
 Epoch = 1499,  Loss: 0.032530256
--Estimation of V--
 Epoch = 0,  Loss: 0.032380875
 Epoch = 50,  Loss: 0.02692486
 Epoch = 100,  Loss: 0.02248346
 Epoch = 150,  Loss: 0.020479798
 Epoch = 200,  Loss: 0.025158105
 Epoch = 250,  Loss: 0.024311755
 Epoch = 299,  Loss: 0.024394734
--Update of pi--
   Epoch =  0 ,  Loss: 0.4105289578437805
   Epoch =  19 ,  Loss: 0.37448829412460327
*** Epoch =  0 completed, Duration =  3949.362 secs ***
--Estimation of V--
 Epoch = 0,  Loss: 0.024471795
 Epoch = 50,  Loss: 0.045565877
 Epoch = 100,  Loss: 0.0486465
 Epoch = 150,  Loss: 0.033005457
 Epoch = 200,  Loss: 0.029954154
 Epoch = 250,  Loss: 0.028612442
 Epoch = 299,  Loss: 0.02693695
--Update of pi--
   Epoch =  0 ,  Loss: 0.3628031015396118
   Epoch =  19 ,  Loss: 0.24148675799369812
--Estimation of V--
 Epoch = 0,  Loss: 0.026918877
 Epoch = 50,  Loss: 0.03632391
 Epoch = 100,  Loss: 0.036501445
 Epoch = 150,  Loss: 0.02539983
 Epoch = 200,  Loss: 0.023856793
 Epoch = 250,  Loss: 0.022098295
 Epoch = 299,  Loss: 0.019508414
--Update of pi--
   Epoch =  0 ,  Loss: 0.2403169721364975
   Epoch =  19 ,  Loss: 0.21908608078956604
--Estimation of V--
 Epoch = 0,  Loss: 0.019484408
 Epoch = 50,  Loss: 0.02607658
 Epoch = 100,  Loss: 0.029070234
 Epoch = 150,  Loss: 0.03021075
 Epoch = 200,  Loss: 0.046851296
 Epoch = 250,  Loss: 0.050908346
 Epoch = 299,  Loss: 0.048602015
--Update of pi--
   Epoch =  0 ,  Loss: 0.21847651898860931
   Epoch =  19 ,  Loss: 0.2038908302783966
--Estimation of V--
 Epoch = 0,  Loss: 0.048626814
 Epoch = 50,  Loss: 0.078328
 Epoch = 100,  Loss: 0.069363445
 Epoch = 150,  Loss: 0.028404523
 Epoch = 200,  Loss: 0.68867666
 Epoch = 250,  Loss: 3.2841604
 Epoch = 299,  Loss: 9.811473
--Update of pi--
   Epoch =  0 ,  Loss: 0.2039531022310257
   Epoch =  19 ,  Loss: 0.20211635529994965
--Estimation of V--
 Epoch = 0,  Loss: 9.956274
 Epoch = 50,  Loss: 14.686045
 Epoch = 100,  Loss: 14.672598
 Epoch = 150,  Loss: 14.672595
 Epoch = 200,  Loss: 14.672593
 Epoch = 250,  Loss: 14.672593
 Epoch = 299,  Loss: 14.672591
--Update of pi--
   Epoch =  0 ,  Loss: 0.19955050945281982
   Epoch =  19 ,  Loss: 0.14932438731193542
--Estimation of V--
 Epoch = 0,  Loss: 14.672262
 Epoch = 50,  Loss: 14.655815
 Epoch = 100,  Loss: 14.639697
 Epoch = 150,  Loss: 14.639697
 Epoch = 200,  Loss: 14.639697
 Epoch = 250,  Loss: 14.639695
 Epoch = 299,  Loss: 14.639693
--Update of pi--
   Epoch =  0 ,  Loss: 0.14869070053100586
   Epoch =  19 ,  Loss: 0.1349121630191803
--Estimation of V--
 Epoch = 0,  Loss: 14.639641
 Epoch = 50,  Loss: 14.636986
 Epoch = 100,  Loss: 14.634378
 Epoch = 150,  Loss: 14.6343775
 Epoch = 200,  Loss: 14.634375
 Epoch = 250,  Loss: 14.634375
 Epoch = 299,  Loss: 14.634375
--Update of pi--
   Epoch =  0 ,  Loss: 0.13324201107025146
   Epoch =  19 ,  Loss: 0.10495397448539734
--Estimation of V--
 Epoch = 0,  Loss: 14.63437
 Epoch = 50,  Loss: 14.634109
 Epoch = 100,  Loss: 14.63385
 Epoch = 150,  Loss: 14.633847
 Epoch = 200,  Loss: 14.633847
 Epoch = 250,  Loss: 14.633847
 Epoch = 299,  Loss: 14.633847
--Update of pi--
   Epoch =  0 ,  Loss: 0.10335478186607361
   Epoch =  19 ,  Loss: 0.07767460495233536
--Estimation of V--
 Epoch = 0,  Loss: 14.633847
 Epoch = 50,  Loss: 14.633825
 Epoch = 100,  Loss: 14.633805
 Epoch = 150,  Loss: 14.633805
 Epoch = 200,  Loss: 14.633805
 Epoch = 250,  Loss: 14.633803
 Epoch = 299,  Loss: 14.633803
--Update of pi--
   Epoch =  0 ,  Loss: 0.07579877972602844
   Epoch =  19 ,  Loss: 0.0428934320807457
--Estimation of V--
 Epoch = 0,  Loss: 14.633803
 Epoch = 50,  Loss: 14.633789
 Epoch = 100,  Loss: 14.633775
 Epoch = 150,  Loss: 14.633775
 Epoch = 200,  Loss: 14.633775
 Epoch = 250,  Loss: 14.633775
 Epoch = 299,  Loss: 14.633775
--Update of pi--
   Epoch =  0 ,  Loss: 0.041562579572200775
   Epoch =  19 ,  Loss: 0.02491971291601658
--Estimation of V--
 Epoch = 0,  Loss: 14.633775
 Epoch = 50,  Loss: 14.6337595
 Epoch = 100,  Loss: 14.633744
 Epoch = 150,  Loss: 14.633744
 Epoch = 200,  Loss: 14.633744
 Epoch = 250,  Loss: 14.633744
 Epoch = 299,  Loss: 14.633744
--Update of pi--
   Epoch =  0 ,  Loss: 0.024466903880238533
   Epoch =  19 ,  Loss: 0.021689319983124733
--Estimation of V--
 Epoch = 0,  Loss: 14.633742
 Epoch = 50,  Loss: 14.633725
 Epoch = 100,  Loss: 14.633716
 Epoch = 150,  Loss: 14.633716
 Epoch = 200,  Loss: 14.633716
 Epoch = 250,  Loss: 14.633716
 Epoch = 299,  Loss: 14.633716
--Update of pi--
   Epoch =  0 ,  Loss: 0.021625103428959846
   Epoch =  19 ,  Loss: 0.020778648555278778
--Estimation of V--
 Epoch = 0,  Loss: 14.633716
 Epoch = 50,  Loss: 14.633706
 Epoch = 100,  Loss: 14.633697
 Epoch = 150,  Loss: 14.633697
 Epoch = 200,  Loss: 14.633697
 Epoch = 250,  Loss: 14.633697
 Epoch = 299,  Loss: 14.633697
--Update of pi--
   Epoch =  0 ,  Loss: 0.020756680518388748
   Epoch =  19 ,  Loss: 0.020328683778643608
--Estimation of V--
 Epoch = 0,  Loss: 14.633697
 Epoch = 50,  Loss: 14.633689
 Epoch = 100,  Loss: 14.633681
 Epoch = 150,  Loss: 14.633681
 Epoch = 200,  Loss: 14.633681
 Epoch = 250,  Loss: 14.633681
 Epoch = 299,  Loss: 14.633681
--Update of pi--
   Epoch =  0 ,  Loss: 0.020310454070568085
   Epoch =  19 ,  Loss: 0.019989436492323875
--Estimation of V--
 Epoch = 0,  Loss: 14.633681
 Epoch = 50,  Loss: 14.633675
 Epoch = 100,  Loss: 14.633667
 Epoch = 150,  Loss: 14.633667
 Epoch = 200,  Loss: 14.633667
 Epoch = 250,  Loss: 14.633667
 Epoch = 299,  Loss: 14.633667
--Update of pi--
   Epoch =  0 ,  Loss: 0.0199738722294569
   Epoch =  19 ,  Loss: 0.01969935931265354
--Estimation of V--
 Epoch = 0,  Loss: 14.633667
 Epoch = 50,  Loss: 14.633662
 Epoch = 100,  Loss: 14.633657
 Epoch = 150,  Loss: 14.633657
 Epoch = 200,  Loss: 14.633657
 Epoch = 250,  Loss: 14.633657
 Epoch = 299,  Loss: 14.633657
--Update of pi--
   Epoch =  0 ,  Loss: 0.019686037674546242
   Epoch =  19 ,  Loss: 0.01945294626057148
--Estimation of V--
 Epoch = 0,  Loss: 14.633657
 Epoch = 50,  Loss: 14.633655
 Epoch = 100,  Loss: 14.63365
 Epoch = 150,  Loss: 14.63365
 Epoch = 200,  Loss: 14.633651
 Epoch = 250,  Loss: 14.633651
 Epoch = 299,  Loss: 14.633651
--Update of pi--
   Epoch =  0 ,  Loss: 0.019441671669483185
   Epoch =  19 ,  Loss: 0.019244050607085228
--Estimation of V--
 Epoch = 0,  Loss: 14.633651
 Epoch = 50,  Loss: 14.633645
 Epoch = 100,  Loss: 14.63364
 Epoch = 150,  Loss: 14.63364
 Epoch = 200,  Loss: 14.63364
 Epoch = 250,  Loss: 14.63364
 Epoch = 299,  Loss: 14.63364
--Update of pi--
   Epoch =  0 ,  Loss: 0.019234493374824524
   Epoch =  19 ,  Loss: 0.019067561253905296
--Estimation of V--
 Epoch = 0,  Loss: 14.63364
 Epoch = 50,  Loss: 14.63364
 Epoch = 100,  Loss: 14.633637
 Epoch = 150,  Loss: 14.633637
 Epoch = 200,  Loss: 14.633637
 Epoch = 250,  Loss: 14.633636
 Epoch = 299,  Loss: 14.633636
--Update of pi--
   Epoch =  0 ,  Loss: 0.019059501588344574
   Epoch =  19 ,  Loss: 0.018920376896858215
--Estimation of V--
 Epoch = 0,  Loss: 14.633636
 Epoch = 50,  Loss: 14.6336355
 Epoch = 100,  Loss: 14.633633
 Epoch = 150,  Loss: 14.633633
 Epoch = 200,  Loss: 14.633633
 Epoch = 250,  Loss: 14.633633
 Epoch = 299,  Loss: 14.633633
--Update of pi--
   Epoch =  0 ,  Loss: 0.018913760781288147
   Epoch =  19 ,  Loss: 0.018799351528286934
--Estimation of V--
 Epoch = 0,  Loss: 14.633633
 Epoch = 50,  Loss: 14.633629
 Epoch = 100,  Loss: 14.633625
 Epoch = 150,  Loss: 14.633628
 Epoch = 200,  Loss: 14.633627
 Epoch = 250,  Loss: 14.633628
 Epoch = 299,  Loss: 14.633628
--Update of pi--
   Epoch =  0 ,  Loss: 0.01879388652741909
   Epoch =  19 ,  Loss: 0.01869967021048069
--Estimation of V--
 Epoch = 0,  Loss: 14.633628
 Epoch = 50,  Loss: 14.633625
 Epoch = 100,  Loss: 14.633624
 Epoch = 150,  Loss: 14.633624
 Epoch = 200,  Loss: 14.633624
 Epoch = 250,  Loss: 14.633624
 Epoch = 299,  Loss: 14.633624
--Update of pi--
   Epoch =  0 ,  Loss: 0.018695203587412834
   Epoch =  19 ,  Loss: 0.018619010224938393
--Estimation of V--
 Epoch = 0,  Loss: 14.633624
 Epoch = 50,  Loss: 14.633623
 Epoch = 100,  Loss: 14.633623
 Epoch = 150,  Loss: 14.633623
 Epoch = 200,  Loss: 14.633623
 Epoch = 250,  Loss: 14.633623
 Epoch = 299,  Loss: 14.633623
--Update of pi--
   Epoch =  0 ,  Loss: 0.018615426495671272
   Epoch =  19 ,  Loss: 0.018554402515292168
--Estimation of V--
 Epoch = 0,  Loss: 14.633623
 Epoch = 50,  Loss: 14.633623
 Epoch = 100,  Loss: 14.633622
 Epoch = 150,  Loss: 14.633622
 Epoch = 200,  Loss: 14.633622
 Epoch = 250,  Loss: 14.633622
 Epoch = 299,  Loss: 14.633622
--Update of pi--
   Epoch =  0 ,  Loss: 0.018551530316472054
   Epoch =  19 ,  Loss: 0.01850227639079094
--Estimation of V--
 Epoch = 0,  Loss: 14.633622
 Epoch = 50,  Loss: 14.633622
 Epoch = 100,  Loss: 14.63362
 Epoch = 150,  Loss: 14.63362
 Epoch = 200,  Loss: 14.63362
 Epoch = 250,  Loss: 14.63362
 Epoch = 299,  Loss: 14.63362
--Update of pi--
   Epoch =  0 ,  Loss: 0.018499933183193207
   Epoch =  19 ,  Loss: 0.018459808081388474
--Estimation of V--
 Epoch = 0,  Loss: 14.63362
 Epoch = 50,  Loss: 14.63362
 Epoch = 100,  Loss: 14.633618
 Epoch = 150,  Loss: 14.633618
 Epoch = 200,  Loss: 14.633618
 Epoch = 250,  Loss: 14.633618
 Epoch = 299,  Loss: 14.633618
--Update of pi--
   Epoch =  0 ,  Loss: 0.018457908183336258
   Epoch =  19 ,  Loss: 0.018425505608320236
--Estimation of V--
 Epoch = 0,  Loss: 14.633618
 Epoch = 50,  Loss: 14.633618
 Epoch = 100,  Loss: 14.633618
 Epoch = 150,  Loss: 14.633618
 Epoch = 200,  Loss: 14.633618
 Epoch = 250,  Loss: 14.633618
 Epoch = 299,  Loss: 14.633617
--Update of pi--
   Epoch =  0 ,  Loss: 0.018423980101943016
   Epoch =  19 ,  Loss: 0.018397480249404907
--Estimation of V--
 Epoch = 0,  Loss: 14.633618
 Epoch = 50,  Loss: 14.6336155
 Epoch = 100,  Loss: 14.633615
 Epoch = 150,  Loss: 14.633614
 Epoch = 200,  Loss: 14.633615
 Epoch = 250,  Loss: 14.633614
 Epoch = 299,  Loss: 14.633614
--Update of pi--
   Epoch =  0 ,  Loss: 0.01839620992541313
   Epoch =  19 ,  Loss: 0.018374407663941383
--Estimation of V--
 Epoch = 0,  Loss: 14.633614
 Epoch = 50,  Loss: 14.633614
 Epoch = 100,  Loss: 14.633614
 Epoch = 150,  Loss: 14.633614
 Epoch = 200,  Loss: 14.633614
 Epoch = 250,  Loss: 14.633614
 Epoch = 299,  Loss: 14.633614
--Update of pi--
   Epoch =  0 ,  Loss: 0.018373368307948112
   Epoch =  19 ,  Loss: 0.01835525594651699
--Estimation of V--
 Epoch = 0,  Loss: 14.633614
 Epoch = 50,  Loss: 14.633614
 Epoch = 100,  Loss: 14.633614
 Epoch = 150,  Loss: 14.633614
 Epoch = 200,  Loss: 14.633614
 Epoch = 250,  Loss: 14.633614
 Epoch = 299,  Loss: 14.633614
--Update of pi--
   Epoch =  0 ,  Loss: 0.01835438795387745
   Epoch =  19 ,  Loss: 0.01833929866552353
--Estimation of V--
 Epoch = 0,  Loss: 14.633614
 Epoch = 50,  Loss: 14.633614
 Epoch = 100,  Loss: 14.633614
 Epoch = 150,  Loss: 14.633614
 Epoch = 200,  Loss: 14.633614
 Epoch = 250,  Loss: 14.633614
 Epoch = 299,  Loss: 14.633614
--Update of pi--
   Epoch =  0 ,  Loss: 0.01833857037127018
   Epoch =  19 ,  Loss: 0.018325641751289368
--Estimation of V--
 Epoch = 0,  Loss: 14.633614
 Epoch = 50,  Loss: 14.633614
 Epoch = 100,  Loss: 14.633614
 Epoch = 150,  Loss: 14.633614
 Epoch = 200,  Loss: 14.633614
 Epoch = 250,  Loss: 14.633614
 Epoch = 299,  Loss: 14.633614
--Update of pi--
   Epoch =  0 ,  Loss: 0.01832500845193863
   Epoch =  19 ,  Loss: 0.018313871696591377
--Estimation of V--
 Epoch = 0,  Loss: 14.633614
 Epoch = 50,  Loss: 14.633614
 Epoch = 100,  Loss: 14.633614
 Epoch = 150,  Loss: 14.633614
 Epoch = 200,  Loss: 14.633614
 Epoch = 250,  Loss: 14.633614
 Epoch = 299,  Loss: 14.633614
--Update of pi--
   Epoch =  0 ,  Loss: 0.018313325941562653
   Epoch =  19 ,  Loss: 0.018303629010915756
--Estimation of V--
 Epoch = 0,  Loss: 14.633614
 Epoch = 50,  Loss: 14.633614
 Epoch = 100,  Loss: 14.633611
 Epoch = 150,  Loss: 14.633612
 Epoch = 200,  Loss: 14.633614
 Epoch = 250,  Loss: 14.633614
 Epoch = 299,  Loss: 14.633612
--Update of pi--
   Epoch =  0 ,  Loss: 0.01830315589904785
   Epoch =  19 ,  Loss: 0.018294811248779297
--Estimation of V--
 Epoch = 0,  Loss: 14.633614
 Epoch = 50,  Loss: 14.633612
 Epoch = 100,  Loss: 14.633611
 Epoch = 150,  Loss: 14.633611
 Epoch = 200,  Loss: 14.633611
 Epoch = 250,  Loss: 14.633612
 Epoch = 299,  Loss: 14.633611
--Update of pi--
   Epoch =  0 ,  Loss: 0.018294401466846466
   Epoch =  19 ,  Loss: 0.018287261947989464
--Estimation of V--
 Epoch = 0,  Loss: 14.633611
 Epoch = 50,  Loss: 14.633611
 Epoch = 100,  Loss: 14.633611
 Epoch = 150,  Loss: 14.633611
 Epoch = 200,  Loss: 14.633611
 Epoch = 250,  Loss: 14.633611
 Epoch = 299,  Loss: 14.633611
--Update of pi--
   Epoch =  0 ,  Loss: 0.01828691177070141
   Epoch =  19 ,  Loss: 0.018280835822224617
--Estimation of V--
 Epoch = 0,  Loss: 14.633611
 Epoch = 50,  Loss: 14.633611
 Epoch = 100,  Loss: 14.633611
 Epoch = 150,  Loss: 14.633611
 Epoch = 200,  Loss: 14.633611
 Epoch = 250,  Loss: 14.633611
 Epoch = 299,  Loss: 14.633611
--Update of pi--
   Epoch =  0 ,  Loss: 0.01828053779900074
   Epoch =  19 ,  Loss: 0.018275195732712746
--Estimation of V--
 Epoch = 0,  Loss: 14.633611
 Epoch = 50,  Loss: 14.633611
 Epoch = 100,  Loss: 14.633611
 Epoch = 150,  Loss: 14.633611
 Epoch = 200,  Loss: 14.633611
 Epoch = 250,  Loss: 14.63361
 Epoch = 299,  Loss: 14.633611
--Update of pi--
   Epoch =  0 ,  Loss: 0.018274933099746704
   Epoch =  19 ,  Loss: 0.018270112574100494
--Estimation of V--
 Epoch = 0,  Loss: 14.633611
 Epoch = 50,  Loss: 14.633611
 Epoch = 100,  Loss: 14.633611
 Epoch = 150,  Loss: 14.633611
 Epoch = 200,  Loss: 14.633611
 Epoch = 250,  Loss: 14.63361
 Epoch = 299,  Loss: 14.63361
--Update of pi--
   Epoch =  0 ,  Loss: 0.018269872292876244
   Epoch =  19 ,  Loss: 0.018265491351485252
--Estimation of V--
 Epoch = 0,  Loss: 14.63361
 Epoch = 50,  Loss: 14.633611
 Epoch = 100,  Loss: 14.63361
 Epoch = 150,  Loss: 14.633611
 Epoch = 200,  Loss: 14.63361
 Epoch = 250,  Loss: 14.63361
 Epoch = 299,  Loss: 14.63361
--Update of pi--
   Epoch =  0 ,  Loss: 0.018265271559357643
   Epoch =  19 ,  Loss: 0.01826120913028717
--Estimation of V--
 Epoch = 0,  Loss: 14.633611
 Epoch = 50,  Loss: 14.633611
 Epoch = 100,  Loss: 14.63361
 Epoch = 150,  Loss: 14.63361
 Epoch = 200,  Loss: 14.63361
 Epoch = 250,  Loss: 14.63361
 Epoch = 299,  Loss: 14.63361
--Update of pi--
   Epoch =  0 ,  Loss: 0.018261002376675606
   Epoch =  19 ,  Loss: 0.01825716346502304
--Estimation of V--
 Epoch = 0,  Loss: 14.63361
 Epoch = 50,  Loss: 14.63361
 Epoch = 100,  Loss: 14.63361
 Epoch = 150,  Loss: 14.63361
 Epoch = 200,  Loss: 14.63361
 Epoch = 250,  Loss: 14.63361
 Epoch = 299,  Loss: 14.63361
--Update of pi--
   Epoch =  0 ,  Loss: 0.018256966024637222
   Epoch =  19 ,  Loss: 0.018253426998853683
--Estimation of V--
 Epoch = 0,  Loss: 14.63361
 Epoch = 50,  Loss: 14.63361
 Epoch = 100,  Loss: 14.63361
 Epoch = 150,  Loss: 14.63361
 Epoch = 200,  Loss: 14.63361
 Epoch = 250,  Loss: 14.63361
 Epoch = 299,  Loss: 14.63361
--Update of pi--
   Epoch =  0 ,  Loss: 0.01825324445962906
   Epoch =  19 ,  Loss: 0.0182499997317791
--Estimation of V--
 Epoch = 0,  Loss: 14.63361
 Epoch = 50,  Loss: 14.633611
 Epoch = 100,  Loss: 14.63361
 Epoch = 150,  Loss: 14.63361
 Epoch = 200,  Loss: 14.63361
 Epoch = 250,  Loss: 14.63361
 Epoch = 299,  Loss: 14.63361
--Update of pi--
   Epoch =  0 ,  Loss: 0.018249837681651115
   Epoch =  19 ,  Loss: 0.01824687421321869
--Estimation of V--
 Epoch = 0,  Loss: 14.63361
 Epoch = 50,  Loss: 14.63361
 Epoch = 100,  Loss: 14.63361
 Epoch = 150,  Loss: 14.63361
 Epoch = 200,  Loss: 14.63361
 Epoch = 250,  Loss: 14.63361
 Epoch = 299,  Loss: 14.63361
--Update of pi--
   Epoch =  0 ,  Loss: 0.01824672520160675
   Epoch =  19 ,  Loss: 0.01824406161904335
--Estimation of V--
 Epoch = 0,  Loss: 14.63361
 Epoch = 50,  Loss: 14.63361
 Epoch = 100,  Loss: 14.63361
 Epoch = 150,  Loss: 14.63361
 Epoch = 200,  Loss: 14.63361
 Epoch = 250,  Loss: 14.63361
 Epoch = 299,  Loss: 14.63361
--Update of pi--
   Epoch =  0 ,  Loss: 0.018243931233882904
   Epoch =  19 ,  Loss: 0.018241481855511665
--Estimation of V--
 Epoch = 0,  Loss: 14.63361
 Epoch = 50,  Loss: 14.63361
 Epoch = 100,  Loss: 14.633609
 Epoch = 150,  Loss: 14.633609
 Epoch = 200,  Loss: 14.63361
 Epoch = 250,  Loss: 14.63361
 Epoch = 299,  Loss: 14.63361
--Update of pi--
   Epoch =  0 ,  Loss: 0.018241358920931816
   Epoch =  19 ,  Loss: 0.018239103257656097
--Estimation of V--
 Epoch = 0,  Loss: 14.63361
 Epoch = 50,  Loss: 14.633609
 Epoch = 100,  Loss: 14.633609
 Epoch = 150,  Loss: 14.633609
 Epoch = 200,  Loss: 14.633607
 Epoch = 250,  Loss: 14.63361
 Epoch = 299,  Loss: 14.633609
--Update of pi--
   Epoch =  0 ,  Loss: 0.018238985911011696
   Epoch =  19 ,  Loss: 0.018236955627799034
--Estimation of V--
 Epoch = 0,  Loss: 14.633609
 Epoch = 50,  Loss: 14.633609
 Epoch = 100,  Loss: 14.633609
 Epoch = 150,  Loss: 14.633609
 Epoch = 200,  Loss: 14.633607
 Epoch = 250,  Loss: 14.63361
 Epoch = 299,  Loss: 14.633607
--Update of pi--
   Epoch =  0 ,  Loss: 0.01823684759438038
   Epoch =  19 ,  Loss: 0.018234984949231148
--Estimation of V--
 Epoch = 0,  Loss: 14.633609
 Epoch = 50,  Loss: 14.633609
 Epoch = 100,  Loss: 14.633609
 Epoch = 150,  Loss: 14.633607
 Epoch = 200,  Loss: 14.633607
 Epoch = 250,  Loss: 14.63361
 Epoch = 299,  Loss: 14.633609
--Update of pi--
   Epoch =  0 ,  Loss: 0.018234897404909134
   Epoch =  19 ,  Loss: 0.018233241513371468
--Estimation of V--
 Epoch = 0,  Loss: 14.633609
 Epoch = 50,  Loss: 14.633609
 Epoch = 100,  Loss: 14.633609
 Epoch = 150,  Loss: 14.633607
 Epoch = 200,  Loss: 14.633607
 Epoch = 250,  Loss: 14.63361
 Epoch = 299,  Loss: 14.633609
--Update of pi--
   Epoch =  0 ,  Loss: 0.018233157694339752
   Epoch =  19 ,  Loss: 0.01823168620467186
--Estimation of V--
 Epoch = 0,  Loss: 14.633609
 Epoch = 50,  Loss: 14.633609
 Epoch = 100,  Loss: 14.633609
 Epoch = 150,  Loss: 14.633607
