*** Name of the repository:  v_debug ***
*** Environment parameters:  {'S0': 10, 'B0': 0.001, 'K': 10, 'T': 0.08333, 'mu': 0.1, 'sigma': 0.2, 'r': 0.0, 'epsilon': 0.005, 'alpha0': 0, 'max_alpha': 5, 'Ndt': 50} ***
*** Algorithm parameters:  {'Ntrajectories': 50, 'Mtransitions': 50, 'Nepochs': 40, 'gamma': 0.99, 'seed': 42, 'Nepochs_V_init': 50, 'Nepochs_V': 50, 'lr_V': '5e-4', 'batch_V': 200, 'hidden_V': 16, 'layers_V': 4, 'Nepochs_pi': 10, 'lr_pi': '5e-4', 'batch_pi': 50, 'hidden_pi': 16, 'layers_pi': 3} ***
*** Risk measures parameters:  {'method': 'CVaR'} ***
*** Run parameters:  None ***
*** Risk measures:  ['CVaR'] ***
*** alpha_cvar:  [0.2]
02-26 11:15:41: Training starting...
--Estimation of V--
 Epoch = 0,  Loss: 3388.832
 Epoch = 49,  Loss: 3388.374
--Estimation of V--
 Epoch = 0,  Loss: 3388.358
 Epoch = 49,  Loss: 3386.133
--Update of pi--
   Epoch =  0 ,  Loss: 0.292
   Epoch =  9 ,  Loss: 0.292
*** Epoch =  0 completed, Duration =  9.538 secs ***
--Estimation of V--
 Epoch = 0,  Loss: 3385.792
 Epoch = 49,  Loss: 3353.273
--Update of pi--
   Epoch =  0 ,  Loss: 0.291
   Epoch =  9 ,  Loss: 0.29
--Estimation of V--
 Epoch = 0,  Loss: 3351.821
 Epoch = 49,  Loss: 3196.555
--Update of pi--
   Epoch =  0 ,  Loss: 0.289
   Epoch =  9 ,  Loss: 0.281
--Estimation of V--
 Epoch = 0,  Loss: 3190.808
 Epoch = 49,  Loss: 2668.048
--Update of pi--
   Epoch =  0 ,  Loss: 0.279
   Epoch =  9 ,  Loss: 0.264
--Estimation of V--
 Epoch = 0,  Loss: 2652.384
