*** Name of the repository:  v001.002.001 ***
*** Environment parameters:  {'S0': 10, 'B0': 0.001, 'K': 10, 'T': 0.08333, 'mu': 0.1, 'sigma': 0.2, 'r': 0.0, 'epsilon': 0.005, 'alpha0': 0, 'max_alpha': 5, 'Ndt': 100} ***
*** Algorithm parameters:  {'Ntrajectories': 200, 'Mtransitions': 200, 'Nepochs': 400, 'gamma': 0.99, 'seed': 42, 'Nepochs_V_init': 1500, 'Nepochs_V': 300, 'lr_V': '5e-4', 'batch_V': 200, 'hidden_V': 16, 'layers_V': 4, 'Nepochs_pi': 20, 'lr_pi': '5e-4', 'batch_pi': 200, 'hidden_pi': 16, 'layers_pi': 3} ***
*** Risk measures parameters:  {'method': 'CVaR'} ***
*** Run parameters:  None ***
*** Risk measures:  ['CVaR'] ***
*** alpha_cvar:  [0.2]
02-26 18:16:34: Training starting...
--Estimation of V--
 Epoch = 0,  Loss: 0.0013990001
 Epoch = 50,  Loss: 0.0013151031
 Epoch = 100,  Loss: 0.0016683805
 Epoch = 150,  Loss: 0.0072916346
 Epoch = 200,  Loss: 0.019386895
 Epoch = 250,  Loss: 0.0248404
 Epoch = 300,  Loss: 0.019060865
 Epoch = 350,  Loss: 0.008376744
 Epoch = 400,  Loss: 0.0016909353
 Epoch = 450,  Loss: 0.0012305824
 Epoch = 500,  Loss: 0.0011329482
 Epoch = 550,  Loss: 0.0010816917
 Epoch = 600,  Loss: 0.0010610956
 Epoch = 650,  Loss: 0.0010458706
 Epoch = 700,  Loss: 0.0010409646
 Epoch = 750,  Loss: 0.0010349685
 Epoch = 800,  Loss: 0.0010313643
 Epoch = 850,  Loss: 0.0010283245
 Epoch = 900,  Loss: 0.0010256954
 Epoch = 950,  Loss: 0.0010230684
 Epoch = 1000,  Loss: 0.0010201092
 Epoch = 1050,  Loss: 0.0010165824
 Epoch = 1100,  Loss: 0.0010122565
 Epoch = 1150,  Loss: 0.0010067536
 Epoch = 1200,  Loss: 0.000999343
 Epoch = 1250,  Loss: 0.0009889628
 Epoch = 1300,  Loss: 0.0009745407
 Epoch = 1350,  Loss: 0.00095535966
 Epoch = 1400,  Loss: 0.000931296
 Epoch = 1450,  Loss: 0.00090275833
 Epoch = 1499,  Loss: 0.000870819
--Estimation of V--
 Epoch = 0,  Loss: 0.0008701242
 Epoch = 50,  Loss: 0.000832559
 Epoch = 100,  Loss: 0.00078656187
 Epoch = 150,  Loss: 0.00072534295
 Epoch = 200,  Loss: 0.00064380816
 Epoch = 250,  Loss: 0.0005562362
 Epoch = 299,  Loss: 0.00049664004
--Update of pi--
   Epoch =  0 ,  Loss: 0.015261955559253693
   Epoch =  19 ,  Loss: 0.012271453626453876
*** Epoch =  0 completed, Duration =  101.888 secs ***
--Estimation of V--
 Epoch = 0,  Loss: 0.0004963057
 Epoch = 50,  Loss: 0.00053401943
 Epoch = 100,  Loss: 0.0005094156
 Epoch = 150,  Loss: 0.0004176913
 Epoch = 200,  Loss: 0.00039369715
 Epoch = 250,  Loss: 0.00036994764
 Epoch = 299,  Loss: 0.0003554538
--Update of pi--
   Epoch =  0 ,  Loss: 0.012368866242468357
   Epoch =  19 ,  Loss: 0.01165042631328106
--Estimation of V--
 Epoch = 0,  Loss: 0.00035595003
 Epoch = 50,  Loss: 0.000531539
 Epoch = 100,  Loss: 0.0005543929
 Epoch = 150,  Loss: 0.00037411982
 Epoch = 200,  Loss: 0.00033394978
 Epoch = 250,  Loss: 0.0003077601
 Epoch = 299,  Loss: 0.00028959877
--Update of pi--
   Epoch =  0 ,  Loss: 0.011756517924368382
   Epoch =  19 ,  Loss: 0.011790621094405651
--Estimation of V--
 Epoch = 0,  Loss: 0.00029039223
 Epoch = 50,  Loss: 0.00066988426
 Epoch = 100,  Loss: 0.00096950924
 Epoch = 150,  Loss: 0.00091079064
 Epoch = 200,  Loss: 0.000919848
 Epoch = 250,  Loss: 0.0008631657
 Epoch = 299,  Loss: 0.00078558415
--Update of pi--
   Epoch =  0 ,  Loss: 0.01172743458300829
   Epoch =  19 ,  Loss: 0.010831001214683056
--Estimation of V--
 Epoch = 0,  Loss: 0.0007839024
 Epoch = 50,  Loss: 0.00067172834
 Epoch = 100,  Loss: 0.0005776265
 Epoch = 150,  Loss: 0.000541568
 Epoch = 200,  Loss: 0.00051312486
 Epoch = 250,  Loss: 0.0004834108
 Epoch = 299,  Loss: 0.00045895175
--Update of pi--
   Epoch =  0 ,  Loss: 0.010767809115350246
   Epoch =  19 ,  Loss: 0.009334445931017399
--Estimation of V--
 Epoch = 0,  Loss: 0.00045857223
 Epoch = 50,  Loss: 0.0004415635
 Epoch = 100,  Loss: 0.0003918896
 Epoch = 150,  Loss: 0.0003336298
 Epoch = 200,  Loss: 0.00036719802
 Epoch = 250,  Loss: 0.00042240493
 Epoch = 299,  Loss: 0.0003651117
--Update of pi--
   Epoch =  0 ,  Loss: 0.009481977671384811
   Epoch =  19 ,  Loss: 0.012606765143573284
--Estimation of V--
 Epoch = 0,  Loss: 0.00036237176
 Epoch = 50,  Loss: 0.00044746534
 Epoch = 100,  Loss: 0.000439103
 Epoch = 150,  Loss: 0.00028426223
 Epoch = 200,  Loss: 0.00025182992
 Epoch = 250,  Loss: 0.00020632283
 Epoch = 299,  Loss: 0.00020440918
--Update of pi--
   Epoch =  0 ,  Loss: 0.012841553427278996
   Epoch =  19 ,  Loss: 0.01718335598707199
--Estimation of V--
 Epoch = 0,  Loss: 0.00020564233
 Epoch = 50,  Loss: 0.0005490051
 Epoch = 100,  Loss: 0.0014733657
 Epoch = 150,  Loss: 0.003242463
 Epoch = 200,  Loss: 0.0043766513
 Epoch = 250,  Loss: 0.004149001
 Epoch = 299,  Loss: 0.0037360545
--Update of pi--
   Epoch =  0 ,  Loss: 0.017171431332826614
   Epoch =  19 ,  Loss: 0.01770811714231968
--Estimation of V--
 Epoch = 0,  Loss: 0.0037262172
 Epoch = 50,  Loss: 0.0030541057
 Epoch = 100,  Loss: 0.0024524883
 Epoch = 150,  Loss: 0.002111903
 Epoch = 200,  Loss: 0.0017963891
 Epoch = 250,  Loss: 0.0015286793
 Epoch = 299,  Loss: 0.0013167193
--Update of pi--
   Epoch =  0 ,  Loss: 0.017776411026716232
   Epoch =  19 ,  Loss: 0.018274642527103424
--Estimation of V--
 Epoch = 0,  Loss: 0.0013133762
 Epoch = 50,  Loss: 0.0011523998
 Epoch = 100,  Loss: 0.001009119
 Epoch = 150,  Loss: 0.00091551855
 Epoch = 200,  Loss: 0.0008714282
 Epoch = 250,  Loss: 0.00081926526
 Epoch = 299,  Loss: 0.0007732029
--Update of pi--
   Epoch =  0 ,  Loss: 0.018302349373698235
   Epoch =  19 ,  Loss: 0.0186777263879776
--Estimation of V--
 Epoch = 0,  Loss: 0.00077252195
 Epoch = 50,  Loss: 0.00072736375
 Epoch = 100,  Loss: 0.0006737347
 Epoch = 150,  Loss: 0.000633839
 Epoch = 200,  Loss: 0.00061287574
 Epoch = 250,  Loss: 0.0005891684
 Epoch = 299,  Loss: 0.0005642055
--Update of pi--
   Epoch =  0 ,  Loss: 0.01840338669717312
   Epoch =  19 ,  Loss: 0.013501388020813465
--Estimation of V--
 Epoch = 0,  Loss: 0.0005636539
 Epoch = 50,  Loss: 0.00052972435
 Epoch = 100,  Loss: 0.00047830085
 Epoch = 150,  Loss: 0.00042972944
 Epoch = 200,  Loss: 0.0004502043
 Epoch = 250,  Loss: 0.00041194915
 Epoch = 299,  Loss: 0.0002937826
--Update of pi--
   Epoch =  0 ,  Loss: 0.013386888429522514
   Epoch =  19 ,  Loss: 0.011623713187873363
--Estimation of V--
 Epoch = 0,  Loss: 0.00029174762
 Epoch = 50,  Loss: 0.00031037326
 Epoch = 100,  Loss: 0.00030591513
 Epoch = 150,  Loss: 0.0002467023
 Epoch = 200,  Loss: 0.00024286551
 Epoch = 250,  Loss: 0.00023037674
 Epoch = 299,  Loss: 0.00022818042
--Update of pi--
   Epoch =  0 ,  Loss: 0.01177610270678997
   Epoch =  19 ,  Loss: 0.014049134217202663
--Estimation of V--
 Epoch = 0,  Loss: 0.00022882361
 Epoch = 50,  Loss: 0.0005620854
 Epoch = 100,  Loss: 0.00059173553
 Epoch = 150,  Loss: 0.00025102243
 Epoch = 200,  Loss: 0.00023773038
 Epoch = 250,  Loss: 0.00019898012
 Epoch = 299,  Loss: 0.00013045697
--Update of pi--
   Epoch =  0 ,  Loss: 0.014226905070245266
   Epoch =  19 ,  Loss: 0.017702888697385788
--Estimation of V--
 Epoch = 0,  Loss: 0.0001313265
 Epoch = 50,  Loss: 0.0014087565
 Epoch = 100,  Loss: 0.007189036
 Epoch = 150,  Loss: 0.009448864
 Epoch = 200,  Loss: 0.0061532026
 Epoch = 250,  Loss: 0.0045908326
 Epoch = 299,  Loss: 0.0037544488
--Update of pi--
   Epoch =  0 ,  Loss: 0.017789149656891823
   Epoch =  19 ,  Loss: 0.02000400610268116
--Estimation of V--
 Epoch = 0,  Loss: 0.0037399342
 Epoch = 50,  Loss: 0.0030638333
 Epoch = 100,  Loss: 0.0025511817
 Epoch = 150,  Loss: 0.0022149
 Epoch = 200,  Loss: 0.0018632523
 Epoch = 250,  Loss: 0.0015139647
 Epoch = 299,  Loss: 0.0012816214
--Update of pi--
   Epoch =  0 ,  Loss: 0.02013215608894825
   Epoch =  19 ,  Loss: 0.021755613386631012
--Estimation of V--
 Epoch = 0,  Loss: 0.0012807257
 Epoch = 50,  Loss: 0.0012740089
 Epoch = 100,  Loss: 0.0013068456
 Epoch = 150,  Loss: 0.0011718342
 Epoch = 200,  Loss: 0.0009923552
 Epoch = 250,  Loss: 0.000847665
 Epoch = 299,  Loss: 0.00075743825
--Update of pi--
   Epoch =  0 ,  Loss: 0.021583614870905876
   Epoch =  19 ,  Loss: 0.01806873269379139
--Estimation of V--
 Epoch = 0,  Loss: 0.00075563823
 Epoch = 50,  Loss: 0.00070348004
 Epoch = 100,  Loss: 0.0007410174
 Epoch = 150,  Loss: 0.0007566923
 Epoch = 200,  Loss: 0.0006700231
 Epoch = 250,  Loss: 0.0006081244
 Epoch = 299,  Loss: 0.0005863275
--Update of pi--
   Epoch =  0 ,  Loss: 0.017798898741602898
   Epoch =  19 ,  Loss: 0.013233190402388573
--Estimation of V--
 Epoch = 0,  Loss: 0.0005851118
 Epoch = 50,  Loss: 0.00055107696
 Epoch = 100,  Loss: 0.00050746853
 Epoch = 150,  Loss: 0.0004696017
 Epoch = 200,  Loss: 0.00044187426
 Epoch = 250,  Loss: 0.00043800636
 Epoch = 299,  Loss: 0.00044963293
--Update of pi--
   Epoch =  0 ,  Loss: 0.012980434112250805
   Epoch =  19 ,  Loss: 0.008754204027354717
--Estimation of V--
 Epoch = 0,  Loss: 0.0004498829
 Epoch = 50,  Loss: 0.00039966177
 Epoch = 100,  Loss: 0.0003589187
 Epoch = 150,  Loss: 0.00039290104
 Epoch = 200,  Loss: 0.0004136486
 Epoch = 250,  Loss: 0.00041565497
 Epoch = 299,  Loss: 0.0004102252
--Update of pi--
   Epoch =  0 ,  Loss: 0.008678767830133438
   Epoch =  19 ,  Loss: 0.007024993188679218
--Estimation of V--
 Epoch = 0,  Loss: 0.00041013779
 Epoch = 50,  Loss: 0.00037337796
 Epoch = 100,  Loss: 0.00033027105
 Epoch = 150,  Loss: 0.00038059446
 Epoch = 200,  Loss: 0.0004930928
 Epoch = 250,  Loss: 0.00052808574
 Epoch = 299,  Loss: 0.0004591466
--Update of pi--
   Epoch =  0 ,  Loss: 0.0073015266098082066
   Epoch =  19 ,  Loss: 0.012833175249397755
--Estimation of V--
 Epoch = 0,  Loss: 0.00045813766
 Epoch = 50,  Loss: 0.0015225946
 Epoch = 100,  Loss: 0.030515244
 Epoch = 150,  Loss: 0.032251336
 Epoch = 200,  Loss: 0.0046711704
 Epoch = 250,  Loss: 0.008011391
 Epoch = 299,  Loss: 0.00885863
--Update of pi--
   Epoch =  0 ,  Loss: 0.012958399020135403
   Epoch =  19 ,  Loss: 0.01593197137117386
--Estimation of V--
 Epoch = 0,  Loss: 0.008946366
 Epoch = 50,  Loss: 0.008332579
 Epoch = 100,  Loss: 0.0073594307
 Epoch = 150,  Loss: 0.0037322314
 Epoch = 200,  Loss: 0.0029231505
 Epoch = 250,  Loss: 0.0022820039
 Epoch = 299,  Loss: 0.0020052833
--Update of pi--
   Epoch =  0 ,  Loss: 0.016027767211198807
   Epoch =  19 ,  Loss: 0.017327724024653435
--Estimation of V--
 Epoch = 0,  Loss: 0.0019968776
 Epoch = 50,  Loss: 0.0011304831
 Epoch = 100,  Loss: 0.00110496
 Epoch = 150,  Loss: 0.0012217582
 Epoch = 200,  Loss: 0.0010986808
 Epoch = 250,  Loss: 0.0007694667
 Epoch = 299,  Loss: 0.00093857216
--Update of pi--
   Epoch =  0 ,  Loss: 0.01729041151702404
   Epoch =  19 ,  Loss: 0.01657285913825035
--Estimation of V--
 Epoch = 0,  Loss: 0.0009383996
 Epoch = 50,  Loss: 0.0007559003
 Epoch = 100,  Loss: 0.0005359552
 Epoch = 150,  Loss: 0.0005692154
 Epoch = 200,  Loss: 0.0005563713
 Epoch = 250,  Loss: 0.00053045724
 Epoch = 299,  Loss: 0.00051191135
--Update of pi--
   Epoch =  0 ,  Loss: 0.016508799046278
   Epoch =  19 ,  Loss: 0.015530151315033436
--Estimation of V--
 Epoch = 0,  Loss: 0.0005115652
 Epoch = 50,  Loss: 0.00048456033
 Epoch = 100,  Loss: 0.00046092208
 Epoch = 150,  Loss: 0.00045221098
 Epoch = 200,  Loss: 0.0004452952
 Epoch = 250,  Loss: 0.000439355
 Epoch = 299,  Loss: 0.00043536973
--Update of pi--
   Epoch =  0 ,  Loss: 0.015144581906497478
   Epoch =  19 ,  Loss: 0.008236285299062729
--Estimation of V--
 Epoch = 0,  Loss: 0.00043528908
 Epoch = 50,  Loss: 0.00040142483
 Epoch = 100,  Loss: 0.00036862277
 Epoch = 150,  Loss: 0.00037002147
 Epoch = 200,  Loss: 0.00037589585
 Epoch = 250,  Loss: 0.00038699948
 Epoch = 299,  Loss: 0.001246519
--Update of pi--
   Epoch =  0 ,  Loss: 0.008853447623550892
   Epoch =  19 ,  Loss: 0.02018056809902191
--Estimation of V--
 Epoch = 0,  Loss: 0.0015417486
 Epoch = 50,  Loss: 0.0033327725
 Epoch = 100,  Loss: 0.002939631
 Epoch = 150,  Loss: 0.0016151218
 Epoch = 200,  Loss: 0.001612189
 Epoch = 250,  Loss: 0.0014232557
 Epoch = 299,  Loss: 0.00079351827
--Update of pi--
   Epoch =  0 ,  Loss: 0.020276548340916634
   Epoch =  19 ,  Loss: 0.02274569310247898
--Estimation of V--
 Epoch = 0,  Loss: 0.00078410626
 Epoch = 50,  Loss: 0.00061341806
 Epoch = 100,  Loss: 0.0007044611
 Epoch = 150,  Loss: 0.00068934454
 Epoch = 200,  Loss: 0.00070009567
 Epoch = 250,  Loss: 0.0009815297
 Epoch = 299,  Loss: 0.0009431832
--Update of pi--
   Epoch =  0 ,  Loss: 0.02293505147099495
   Epoch =  19 ,  Loss: 0.026516802608966827
--Estimation of V--
 Epoch = 0,  Loss: 0.00093915104
 Epoch = 50,  Loss: 0.0007573405
 Epoch = 100,  Loss: 0.0007714421
 Epoch = 150,  Loss: 0.0009851069
 Epoch = 200,  Loss: 0.0009575837
 Epoch = 250,  Loss: 0.00085721194
 Epoch = 299,  Loss: 0.0010667545
--Update of pi--
   Epoch =  0 ,  Loss: 0.026601741090416908
   Epoch =  19 ,  Loss: 0.028188493102788925
--Estimation of V--
 Epoch = 0,  Loss: 0.0010671361
 Epoch = 50,  Loss: 0.00088668225
 Epoch = 100,  Loss: 0.0006833221
 Epoch = 150,  Loss: 0.00065385544
 Epoch = 200,  Loss: 0.00055663823
 Epoch = 250,  Loss: 0.00051342836
 Epoch = 299,  Loss: 0.000496203
--Update of pi--
   Epoch =  0 ,  Loss: 0.028351230546832085
   Epoch =  19 ,  Loss: 0.031508516520261765
--Estimation of V--
 Epoch = 0,  Loss: 0.000496072
 Epoch = 50,  Loss: 0.00048937445
 Epoch = 100,  Loss: 0.00047816712
 Epoch = 150,  Loss: 0.00046697553
 Epoch = 200,  Loss: 0.0004552635
 Epoch = 250,  Loss: 0.00044237007
 Epoch = 299,  Loss: 0.00042970217
--Update of pi--
   Epoch =  0 ,  Loss: 0.03072350099682808
   Epoch =  19 ,  Loss: 0.0162089541554451
--Estimation of V--
 Epoch = 0,  Loss: 0.00042947457
 Epoch = 50,  Loss: 0.00042171325
 Epoch = 100,  Loss: 0.00041536245
 Epoch = 150,  Loss: 0.0004092323
 Epoch = 150,  Loss: 0.00061945914
 Epoch = 200,  Loss: 0.00050964544
 Epoch = 250,  Loss: 0.0004711271
 Epoch = 299,  Loss: 0.00045376923
--Update of pi--
   Epoch =  0 ,  Loss: 0.004185928497463465
   Epoch =  19 ,  Loss: 0.004450077656656504
--Estimation of V--
 Epoch = 0,  Loss: 0.00045364138
 Epoch = 50,  Loss: 0.0009533365
 Epoch = 100,  Loss: 0.0036470694
 Epoch = 150,  Loss: 0.010938904
 Epoch = 200,  Loss: 0.015901774
 Epoch = 250,  Loss: 0.010099014
 Epoch = 299,  Loss: 0.0047335685
--Update of pi--
   Epoch =  0 ,  Loss: 0.004494450055062771
   Epoch =  19 ,  Loss: 0.005155652761459351
--Estimation of V--
 Epoch = 0,  Loss: 0.0046906224
 Epoch = 50,  Loss: 0.0034257458
 Epoch = 100,  Loss: 0.0021620495
 Epoch = 150,  Loss: 0.0020638248
 Epoch = 200,  Loss: 0.0017968881
 Epoch = 250,  Loss: 0.0013634181
 Epoch = 299,  Loss: 0.0015502924
--Update of pi--
   Epoch =  0 ,  Loss: 0.005172999110072851
   Epoch =  19 ,  Loss: 0.0053347633220255375
--Estimation of V--
 Epoch = 0,  Loss: 0.001553839
 Epoch = 50,  Loss: 0.0027073023
 Epoch = 100,  Loss: 0.0018548471
 Epoch = 150,  Loss: 0.000519128
 Epoch = 200,  Loss: 0.00047417902
 Epoch = 250,  Loss: 0.00046122936
 Epoch = 299,  Loss: 0.00044760277
--Update of pi--
   Epoch =  0 ,  Loss: 0.0054133739322423935
   Epoch =  19 ,  Loss: 0.00682554068043828
--Estimation of V--
 Epoch = 0,  Loss: 0.00044746135
 Epoch = 50,  Loss: 0.00060076016
 Epoch = 100,  Loss: 0.0006326688
 Epoch = 150,  Loss: 0.00052344735
 Epoch = 200,  Loss: 0.0005835084
 Epoch = 250,  Loss: 0.00068960106
 Epoch = 299,  Loss: 0.00083369744
--Update of pi--
   Epoch =  0 ,  Loss: 0.00684385048225522
   Epoch =  19 ,  Loss: 0.007337064947932959
--Estimation of V--
 Epoch = 0,  Loss: 0.000837218
 Epoch = 50,  Loss: 0.0012503319
 Epoch = 100,  Loss: 0.0021246702
 Epoch = 150,  Loss: 0.0026069542
 Epoch = 200,  Loss: 0.0024847987
 Epoch = 250,  Loss: 0.0023300673
 Epoch = 299,  Loss: 0.0021246932
--Update of pi--
   Epoch =  0 ,  Loss: 0.007341174408793449
   Epoch =  19 ,  Loss: 0.007477539125829935
--Estimation of V--
 Epoch = 0,  Loss: 0.0021198122
 Epoch = 50,  Loss: 0.0016910945
 Epoch = 100,  Loss: 0.0012815878
 Epoch = 150,  Loss: 0.0011035175
 Epoch = 200,  Loss: 0.0009521948
 Epoch = 250,  Loss: 0.0008190836
 Epoch = 299,  Loss: 0.00070786814
--Update of pi--
   Epoch =  0 ,  Loss: 0.007436810526996851
   Epoch =  19 ,  Loss: 0.0066513000056147575
--Estimation of V--
 Epoch = 0,  Loss: 0.00070577743
 Epoch = 50,  Loss: 0.00060382043
 Epoch = 100,  Loss: 0.00053067115
 Epoch = 150,  Loss: 0.0004968893
 Epoch = 200,  Loss: 0.00047499075
 Epoch = 250,  Loss: 0.00044817585
 Epoch = 299,  Loss: 0.00040882677
--Update of pi--
   Epoch =  0 ,  Loss: 0.006684109568595886
   Epoch =  19 ,  Loss: 0.007244390435516834
--Estimation of V--
 Epoch = 0,  Loss: 0.00040810372
 Epoch = 50,  Loss: 0.0006339162
 Epoch = 100,  Loss: 0.00065349415
 Epoch = 150,  Loss: 0.00041834704
 Epoch = 200,  Loss: 0.0004020132
 Epoch = 250,  Loss: 0.00037299734
 Epoch = 299,  Loss: 0.00032765343
--Update of pi--
   Epoch =  0 ,  Loss: 0.007273001596331596
   Epoch =  19 ,  Loss: 0.007478951010853052
--Estimation of V--
 Epoch = 0,  Loss: 0.00032730578
 Epoch = 50,  Loss: 0.0010038655
 Epoch = 100,  Loss: 0.0016248813
 Epoch = 150,  Loss: 0.001814276
 Epoch = 200,  Loss: 0.0021363115
 Epoch = 250,  Loss: 0.001955618
 Epoch = 299,  Loss: 0.0015081625
--Update of pi--
   Epoch =  0 ,  Loss: 0.007475672289729118
   Epoch =  19 ,  Loss: 0.007296518888324499
--Estimation of V--
 Epoch = 0,  Loss: 0.001499046
 Epoch = 50,  Loss: 0.0015127483
 Epoch = 100,  Loss: 0.0018001709
 Epoch = 150,  Loss: 0.0023879968
 Epoch = 200,  Loss: 0.0038420544
 Epoch = 250,  Loss: 0.0041653733
 Epoch = 299,  Loss: 0.0036707148
--Update of pi--
   Epoch =  0 ,  Loss: 0.0073615205474197865
   Epoch =  19 ,  Loss: 0.00799902155995369
--Estimation of V--
 Epoch = 0,  Loss: 0.003666175
 Epoch = 50,  Loss: 0.003397467
 Epoch = 100,  Loss: 0.0028646784
 Epoch = 150,  Loss: 0.001986762
 Epoch = 200,  Loss: 0.0011448135
 Epoch = 250,  Loss: 0.0009168817
 Epoch = 299,  Loss: 0.0007951014
--Update of pi--
   Epoch =  0 ,  Loss: 0.008010989055037498
   Epoch =  19 ,  Loss: 0.008037940599024296
--Estimation of V--
 Epoch = 0,  Loss: 0.0007938689
 Epoch = 50,  Loss: 0.0007385108
 Epoch = 100,  Loss: 0.00073303754
 Epoch = 150,  Loss: 0.00071622484
 Epoch = 200,  Loss: 0.0006825232
 Epoch = 250,  Loss: 0.0006749455
 Epoch = 299,  Loss: 0.00066522026
--Update of pi--
   Epoch =  0 ,  Loss: 0.007978305220603943
   Epoch =  19 ,  Loss: 0.007050978951156139
--Estimation of V--
 Epoch = 0,  Loss: 0.0006649591
 Epoch = 50,  Loss: 0.00065947307
 Epoch = 100,  Loss: 0.000652682
 Epoch = 150,  Loss: 0.00064613676
 Epoch = 200,  Loss: 0.00063871697
 Epoch = 250,  Loss: 0.00063022494
 Epoch = 299,  Loss: 0.0006199412
--Update of pi--
   Epoch =  0 ,  Loss: 0.006942301522940397
   Epoch =  19 ,  Loss: 0.005233396776020527
--Estimation of V--
 Epoch = 0,  Loss: 0.00061972305
 Epoch = 50,  Loss: 0.0006192357
 Epoch = 100,  Loss: 0.0006148753
 Epoch = 150,  Loss: 0.0006053483
 Epoch = 200,  Loss: 0.0005991957
 Epoch = 250,  Loss: 0.00058711745
 Epoch = 299,  Loss: 0.0005747637
--Update of pi--
   Epoch =  0 ,  Loss: 0.005170509219169617
   Epoch =  19 ,  Loss: 0.004067571833729744
--Estimation of V--
 Epoch = 0,  Loss: 0.00057442614
 Epoch = 50,  Loss: 0.00056953146
 Epoch = 100,  Loss: 0.0005621944
 Epoch = 150,  Loss: 0.00054737733
 Epoch = 200,  Loss: 0.0005342935
 Epoch = 250,  Loss: 0.0005100945
 Epoch = 299,  Loss: 0.0004722058
--Update of pi--
   Epoch =  0 ,  Loss: 0.004002956673502922
   Epoch =  19 ,  Loss: 0.0031473871786147356
--Estimation of V--
 Epoch = 0,  Loss: 0.00047146733
 Epoch = 50,  Loss: 0.0005743371
 Epoch = 100,  Loss: 0.00060319545
 Epoch = 150,  Loss: 0.00045746996
 Epoch = 200,  Loss: 0.00043065049
 Epoch = 250,  Loss: 0.00087012275
 Epoch = 299,  Loss: 0.001749571
--Update of pi--
   Epoch =  0 ,  Loss: 0.003368590958416462
   Epoch =  19 ,  Loss: 0.007416819222271442
--Estimation of V--
 Epoch = 0,  Loss: 0.0017553987
 Epoch = 50,  Loss: 0.0031583267
 Epoch = 100,  Loss: 0.0041344613
 Epoch = 150,  Loss: 0.003857372
 Epoch = 200,  Loss: 0.003138979
 Epoch = 250,  Loss: 0.0023193376
 Epoch = 299,  Loss: 0.0015725016
--Update of pi--
   Epoch =  0 ,  Loss: 0.007469407748430967
   Epoch =  19 ,  Loss: 0.008536441251635551
--Estimation of V--
 Epoch = 0,  Loss: 0.0015593097
 Epoch = 50,  Loss: 0.0010665035
 Epoch = 100,  Loss: 0.00089752814
 Epoch = 150,  Loss: 0.00088436273
 Epoch = 200,  Loss: 0.0008958387
 Epoch = 250,  Loss: 0.00091819355
 Epoch = 299,  Loss: 0.000967317
--Update of pi--
   Epoch =  0 ,  Loss: 0.008580364286899567
   Epoch =  19 ,  Loss: 0.009003082290291786
--Estimation of V--
 Epoch = 0,  Loss: 0.0009662874
 Epoch = 50,  Loss: 0.0009781362
 Epoch = 100,  Loss: 0.0012147039
 Epoch = 150,  Loss: 0.0012603658
 Epoch = 200,  Loss: 0.0009063052
 Epoch = 250,  Loss: 0.000738909
 Epoch = 299,  Loss: 0.0007065557
--Update of pi--
   Epoch =  0 ,  Loss: 0.009025565348565578
   Epoch =  19 ,  Loss: 0.009194768033921719
--Estimation of V--
 Epoch = 0,  Loss: 0.00070437
 Epoch = 50,  Loss: 0.00066410215
 Epoch = 100,  Loss: 0.0006460708
 Epoch = 150,  Loss: 0.00063852017
 Epoch = 200,  Loss: 0.000608785
 Epoch = 250,  Loss: 0.0005986892
 Epoch = 299,  Loss: 0.00059371913
--Update of pi--
   Epoch =  0 ,  Loss: 0.009161422029137611
   Epoch =  19 ,  Loss: 0.008772026747465134
--Estimation of V--
 Epoch = 0,  Loss: 0.00059357146
 Epoch = 50,  Loss: 0.0005886558
 Epoch = 100,  Loss: 0.0005798521
 Epoch = 150,  Loss: 0.00056531676
 Epoch = 200,  Loss: 0.00054795353
 Epoch = 250,  Loss: 0.0005266759
 Epoch = 299,  Loss: 0.00050398806
--Update of pi--
   Epoch =  0 ,  Loss: 0.008541230112314224
   Epoch =  19 ,  Loss: 0.004582464229315519
--Estimation of V--
 Epoch = 0,  Loss: 0.00050356804
 Epoch = 50,  Loss: 0.0005363454
 Epoch = 100,  Loss: 0.000537035
 Epoch = 150,  Loss: 0.00048001885
 Epoch = 200,  Loss: 0.00045469898
 Epoch = 250,  Loss: 0.000432178
 Epoch = 299,  Loss: 0.0004138341
--Update of pi--
   Epoch =  0 ,  Loss: 0.004576395731419325
   Epoch =  19 ,  Loss: 0.004110848996788263
--Estimation of V--
 Epoch = 0,  Loss: 0.00041366983
 Epoch = 50,  Loss: 0.00060403306
 Epoch = 100,  Loss: 0.0006188977
 Epoch = 150,  Loss: 0.0004301332
 Epoch = 200,  Loss: 0.0004208427
 Epoch = 250,  Loss: 0.00040762793
 Epoch = 299,  Loss: 0.00038137886
--Update of pi--
   Epoch =  0 ,  Loss: 0.004102207254618406
   Epoch =  19 ,  Loss: 0.004067278001457453
--Estimation of V--
 Epoch = 0,  Loss: 0.00038091745
 Epoch = 50,  Loss: 0.00056263903
 Epoch = 100,  Loss: 0.00071946287
 Epoch = 150,  Loss: 0.0007752087
 Epoch = 200,  Loss: 0.0009720491
 Epoch = 250,  Loss: 0.0011966553
 Epoch = 299,  Loss: 0.0015630093
--Update of pi--
   Epoch =  0 ,  Loss: 0.004106552805751562
   Epoch =  19 ,  Loss: 0.005046944133937359
--Estimation of V--
 Epoch = 0,  Loss: 0.0015553061
 Epoch = 50,  Loss: 0.0017070371
 Epoch = 100,  Loss: 0.0013240511
 Epoch = 150,  Loss: 0.00092100224
 Epoch = 200,  Loss: 0.00074909104
 Epoch = 250,  Loss: 0.00081032945
 Epoch = 299,  Loss: 0.0011429864
--Update of pi--
   Epoch =  0 ,  Loss: 0.005069867242127657
   Epoch =  19 ,  Loss: 0.005236801691353321
--Estimation of V--
 Epoch = 0,  Loss: 0.0011360929
 Epoch = 50,  Loss: 0.0010447183
 Epoch = 100,  Loss: 0.0010316682
 Epoch = 150,  Loss: 0.0010112051
 Epoch = 200,  Loss: 0.0007230022
 Epoch = 250,  Loss: 0.00071684254
 Epoch = 299,  Loss: 0.00063477916
--Update of pi--
   Epoch =  0 ,  Loss: 0.005231091752648354
   Epoch =  19 ,  Loss: 0.0050383382476866245
--Estimation of V--
 Epoch = 0,  Loss: 0.0006347319
 Epoch = 50,  Loss: 0.00055933325
 Epoch = 100,  Loss: 0.0005394464
 Epoch = 150,  Loss: 0.0005164378
 Epoch = 200,  Loss: 0.00050221226
 Epoch = 250,  Loss: 0.00048631214
 Epoch = 299,  Loss: 0.000469627
--Update of pi--
   Epoch =  0 ,  Loss: 0.005008388310670853
   Epoch =  19 ,  Loss: 0.004727309104055166
--Estimation of V--
 Epoch = 0,  Loss: 0.00046930838
 Epoch = 50,  Loss: 0.00044323967
 Epoch = 100,  Loss: 0.00041678734
 Epoch = 150,  Loss: 0.00041568518
 Epoch = 200,  Loss: 0.0004428524
 Epoch = 250,  Loss: 0.00048362435
 Epoch = 299,  Loss: 0.00058717554
--Update of pi--
   Epoch =  0 ,  Loss: 0.004897627048194408
   Epoch =  19 ,  Loss: 0.008102786727249622
--Estimation of V--
 Epoch = 0,  Loss: 0.00058922166
 Epoch = 50,  Loss: 0.004944478
 Epoch = 100,  Loss: 0.009213391
 Epoch = 150,  Loss: 0.005503695
 Epoch = 200,  Loss: 0.0034002515
 Epoch = 250,  Loss: 0.005228537
 Epoch = 299,  Loss: 0.0041950457
--Update of pi--
   Epoch =  0 ,  Loss: 0.008186819963157177
   Epoch =  19 ,  Loss: 0.009998667985200882
--Estimation of V--
 Epoch = 0,  Loss: 0.0041500204
 Epoch = 50,  Loss: 0.0017964669
 Epoch = 100,  Loss: 0.0006785715
 Epoch = 150,  Loss: 0.00074639014
 Epoch = 200,  Loss: 0.0010462087
 Epoch = 250,  Loss: 0.0011465511
 Epoch = 299,  Loss: 0.0010057923
--Update of pi--
   Epoch =  0 ,  Loss: 0.010063813999295235
   Epoch =  19 ,  Loss: 0.011367945931851864
--Estimation of V--
 Epoch = 0,  Loss: 0.001002968
 Epoch = 50,  Loss: 0.000835879
 Epoch = 100,  Loss: 0.00067707826
 Epoch = 150,  Loss: 0.0006271949
 Epoch = 200,  Loss: 0.00074847805
 Epoch = 250,  Loss: 0.00096122886
 Epoch = 299,  Loss: 0.0010661973
--Update of pi--
   Epoch =  0 ,  Loss: 0.011422577314078808
   Epoch =  19 ,  Loss: 0.01249772310256958
--Estimation of V--
 Epoch = 0,  Loss: 0.0010659877
 Epoch = 50,  Loss: 0.0008879851
 Epoch = 100,  Loss: 0.00066777697
 Epoch = 150,  Loss: 0.00062225683
 Epoch = 200,  Loss: 0.0006185225
 Epoch = 250,  Loss: 0.0006097809
 Epoch = 299,  Loss: 0.0006125461
--Update of pi--
   Epoch =  0 ,  Loss: 0.012657790444791317
   Epoch =  19 ,  Loss: 0.015741191804409027
--Estimation of V--
 Epoch = 0,  Loss: 0.00061271095
 Epoch = 50,  Loss: 0.0006319997
 Epoch = 100,  Loss: 0.0006660591
 Epoch = 150,  Loss: 0.00067850837
 Epoch = 200,  Loss: 0.00065269554
 Epoch = 250,  Loss: 0.0006252887
 Epoch = 299,  Loss: 0.00061831734
--Update of pi--
   Epoch =  0 ,  Loss: 0.015654122456908226
   Epoch =  19 ,  Loss: 0.014384911395609379
--Estimation of V--
 Epoch = 0,  Loss: 0.00061832496
 Epoch = 50,  Loss: 0.00062086637
 Epoch = 100,  Loss: 0.00062379683
 Epoch = 150,  Loss: 0.00062998483
 Epoch = 200,  Loss: 0.0006438405
 Epoch = 250,  Loss: 0.000662165
 Epoch = 299,  Loss: 0.0006794386
--Update of pi--
   Epoch =  0 ,  Loss: 0.014303428120911121
   Epoch =  19 ,  Loss: 0.01261712983250618
--Estimation of V--
 Epoch = 0,  Loss: 0.00067972677
 Epoch = 50,  Loss: 0.0006726566
 Epoch = 100,  Loss: 0.00064429035
 Epoch = 150,  Loss: 0.0006325106
 Epoch = 200,  Loss: 0.0006335845
 Epoch = 250,  Loss: 0.000632681
 Epoch = 299,  Loss: 0.0006314766
--Update of pi--
   Epoch =  0 ,  Loss: 0.012586788274347782
   Epoch =  19 ,  Loss: 0.01224504504352808
--Estimation of V--
 Epoch = 0,  Loss: 0.0006314493
 Epoch = 50,  Loss: 0.00062982505
 Epoch = 100,  Loss: 0.0006273702
 Epoch = 150,  Loss: 0.00062446
 Epoch = 200,  Loss: 0.000621584
 Epoch = 250,  Loss: 0.00061910384
 Epoch = 299,  Loss: 0.0006171308
--Update of pi--
   Epoch =  0 ,  Loss: 0.012255515903234482
   Epoch =  19 ,  Loss: 0.012629286386072636
--Estimation of V--
 Epoch = 0,  Loss: 0.0006170963
 Epoch = 50,  Loss: 0.0006157078
 Epoch = 100,  Loss: 0.0006151688
 Epoch = 150,  Loss: 0.00061537453
 Epoch = 200,  Loss: 0.00061591255
 Epoch = 250,  Loss: 0.0006165711
 Epoch = 299,  Loss: 0.00061738695
--Update of pi--
   Epoch =  0 ,  Loss: 0.012515971437096596
   Epoch =  19 ,  Loss: 0.010352359153330326
--Estimation of V--
 Epoch = 0,  Loss: 0.00061740185
 Epoch = 50,  Loss: 0.00061846105
 Epoch = 100,  Loss: 0.00061979494
 Epoch = 150,  Loss: 0.000620061
 Epoch = 200,  Loss: 0.00061917905
 Epoch = 250,  Loss: 0.00061794644
 Epoch = 299,  Loss: 0.00061623956
--Update of pi--
   Epoch =  0 ,  Loss: 0.01027167122811079
   Epoch =  19 ,  Loss: 0.008746267296373844
--Estimation of V--
 Epoch = 0,  Loss: 0.0006161998
 Epoch = 50,  Loss: 0.0006145753
 Epoch = 100,  Loss: 0.0006122588
 Epoch = 150,  Loss: 0.00060834445
 Epoch = 200,  Loss: 0.00060398167
 Epoch = 250,  Loss: 0.00060077605
 Epoch = 299,  Loss: 0.00060102216
--Update of pi--
   Epoch =  0 ,  Loss: 0.008787067607045174
   Epoch =  19 ,  Loss: 0.009621379896998405
--Estimation of V--
 Epoch = 0,  Loss: 0.0006010658
 Epoch = 50,  Loss: 0.0006041202
 Epoch = 100,  Loss: 0.0006024578
 Epoch = 150,  Loss: 0.00059731124
 Epoch = 200,  Loss: 0.0005946941
 Epoch = 250,  Loss: 0.0005933291
 Epoch = 299,  Loss: 0.000591669
--Update of pi--
   Epoch =  0 ,  Loss: 0.009584595449268818
   Epoch =  19 ,  Loss: 0.008877312764525414
--Estimation of V--
 Epoch = 0,  Loss: 0.00059162313
 Epoch = 50,  Loss: 0.000586574
 Epoch = 100,  Loss: 0.0005797429
 Epoch = 150,  Loss: 0.0005731142
 Epoch = 200,  Loss: 0.00056506036
 Epoch = 250,  Loss: 0.0005562409
 Epoch = 299,  Loss: 0.0005470835
--Update of pi--
   Epoch =  0 ,  Loss: 0.008817678317427635
   Epoch =  19 ,  Loss: 0.007661024108529091
--Estimation of V--
 Epoch = 0,  Loss: 0.00054689083
 Epoch = 50,  Loss: 0.00053717074
 Epoch = 100,  Loss: 0.0005274317
 Epoch = 150,  Loss: 0.000518041
 Epoch = 200,  Loss: 0.0005085245
 Epoch = 250,  Loss: 0.0004981035
 Epoch = 299,  Loss: 0.00048688723
--Update of pi--
   Epoch =  0 ,  Loss: 0.007629978470504284
   Epoch =  19 ,  Loss: 0.007019911892712116
--Estimation of V--
 Epoch = 0,  Loss: 0.00048665245
 Epoch = 50,  Loss: 0.00049085415
 Epoch = 100,  Loss: 0.000534008
 Epoch = 150,  Loss: 0.0019439679
 Epoch = 200,  Loss: 0.0049241465
 Epoch = 250,  Loss: 0.0038027915
 Epoch = 299,  Loss: 0.0008687962
--Update of pi--
   Epoch =  0 ,  Loss: 0.006986704654991627
   Epoch =  19 ,  Loss: 0.006325907073915005
--Estimation of V--
 Epoch = 0,  Loss: 0.0008580611
 Epoch = 50,  Loss: 0.0006892699
 Epoch = 100,  Loss: 0.0007180763
 Epoch = 150,  Loss: 0.00066577626
 Epoch = 200,  Loss: 0.0006244979
 Epoch = 250,  Loss: 0.000603878
 Epoch = 299,  Loss: 0.0005902789
--Update of pi--
   Epoch =  0 ,  Loss: 0.006218067370355129
   Epoch =  19 ,  Loss: 0.004157199524343014
--Estimation of V--
 Epoch = 0,  Loss: 0.00059007213
 Epoch = 50,  Loss: 0.0005837333
 Epoch = 100,  Loss: 0.0005745495
 Epoch = 150,  Loss: 0.00056615093
 Epoch = 200,  Loss: 0.0005657233
 Epoch = 250,  Loss: 0.0005648532
 Epoch = 299,  Loss: 0.0005628927
--Update of pi--
   Epoch =  0 ,  Loss: 0.004134830553084612
   Epoch =  19 ,  Loss: 0.0037138888146728277
--Estimation of V--
 Epoch = 0,  Loss: 0.0005628565
 Epoch = 50,  Loss: 0.0005603806
 Epoch = 100,  Loss: 0.0005555863
 Epoch = 150,  Loss: 0.0005519252
 Epoch = 200,  Loss: 0.00055032515
 Epoch = 250,  Loss: 0.00054796645
 Epoch = 299,  Loss: 0.0005451645
--Update of pi--
   Epoch =  0 ,  Loss: 0.0036930732894688845
   Epoch =  19 ,  Loss: 0.003310860600322485
--Estimation of V--
 Epoch = 0,  Loss: 0.00054510625
 Epoch = 50,  Loss: 0.0005474009
 Epoch = 100,  Loss: 0.00054837175
 Epoch = 150,  Loss: 0.0005429347
 Epoch = 200,  Loss: 0.000538227
 Epoch = 250,  Loss: 0.00053366733
 Epoch = 299,  Loss: 0.00052877073
--Update of pi--
   Epoch =  0 ,  Loss: 0.0032775637228041887
   Epoch =  19 ,  Loss: 0.002656936412677169
--Estimation of V--
 Epoch = 0,  Loss: 0.0005286719
 Epoch = 50,  Loss: 0.0005311388
 Epoch = 100,  Loss: 0.00053097354
 Epoch = 150,  Loss: 0.0005227935
 Epoch = 200,  Loss: 0.0005162413
 Epoch = 250,  Loss: 0.0005090627
 Epoch = 299,  Loss: 0.00050165586
--Update of pi--
   Epoch =  0 ,  Loss: 0.002648130990564823
   Epoch =  19 ,  Loss: 0.0024919959250837564
--Estimation of V--
 Epoch = 0,  Loss: 0.00050150434
 Epoch = 50,  Loss: 0.00050734816
 Epoch = 100,  Loss: 0.0005076246
 Epoch = 150,  Loss: 0.00049402757
 Epoch = 200,  Loss: 0.00048427784
 Epoch = 250,  Loss: 0.00047306702
 Epoch = 299,  Loss: 0.00046185765
--Update of pi--
   Epoch =  0 ,  Loss: 0.0024952187668532133
   Epoch =  19 ,  Loss: 0.002524938667193055
--Estimation of V--
 Epoch = 0,  Loss: 0.00046163288
 Epoch = 50,  Loss: 0.0004782242
 Epoch = 100,  Loss: 0.00048240216
 Epoch = 150,  Loss: 0.00045698346
 Epoch = 200,  Loss: 0.00044172484
 Epoch = 250,  Loss: 0.00042577836
 Epoch = 299,  Loss: 0.0004107134
--Update of pi--
   Epoch =  0 ,  Loss: 0.0025346374604851007
   Epoch =  19 ,  Loss: 0.0026376310270279646
--Estimation of V--
 Epoch = 0,  Loss: 0.0004104315
 Epoch = 50,  Loss: 0.00044858045
 Epoch = 100,  Loss: 0.0004618608
 Epoch = 150,  Loss: 0.000416205
 Epoch = 200,  Loss: 0.0003923979
 Epoch = 250,  Loss: 0.00037303136
 Epoch = 299,  Loss: 0.00035761908
--Update of pi--
   Epoch =  0 ,  Loss: 0.002653404837474227
   Epoch =  19 ,  Loss: 0.00282288808375597
--Estimation of V--
 Epoch = 0,  Loss: 0.0003573763
 Epoch = 50,  Loss: 0.0004381092
 Epoch = 100,  Loss: 0.00046690908
 Epoch = 150,  Loss: 0.00038644622
 Epoch = 200,  Loss: 0.00035357996
 Epoch = 250,  Loss: 0.00033409902
 Epoch = 299,  Loss: 0.00031935453
--Update of pi--
   Epoch =  0 ,  Loss: 0.0028397380374372005
   Epoch =  19 ,  Loss: 0.00299025303684175
--Estimation of V--
 Epoch = 0,  Loss: 0.0003191203
 Epoch = 50,  Loss: 0.00042217766
 Epoch = 100,  Loss: 0.00044481913
 Epoch = 150,  Loss: 0.00034437797
 Epoch = 200,  Loss: 0.00032316777
 Epoch = 250,  Loss: 0.0003129715
 Epoch = 299,  Loss: 0.00030964275
--Update of pi--
   Epoch =  0 ,  Loss: 0.0029907911084592342
   Epoch =  19 ,  Loss: 0.0030034121591597795
--Estimation of V--
 Epoch = 0,  Loss: 0.00030958373
 Epoch = 50,  Loss: 0.00030898265
 Epoch = 100,  Loss: 0.00030877112
 Epoch = 150,  Loss: 0.00030927043
 Epoch = 200,  Loss: 0.00031196236
 Epoch = 250,  Loss: 0.0003155523
 Epoch = 299,  Loss: 0.00032028384
--Update of pi--
   Epoch =  0 ,  Loss: 0.0030019422993063927
   Epoch =  19 ,  Loss: 0.0030046331230551004
--Estimation of V--
 Epoch = 0,  Loss: 0.0003203798
 Epoch = 50,  Loss: 0.0003170282
 Epoch = 100,  Loss: 0.00030939485
 Epoch = 150,  Loss: 0.0003064669
 Epoch = 200,  Loss: 0.00030326014
 Epoch = 250,  Loss: 0.00029865943
 Epoch = 299,  Loss: 0.00029102818
--Update of pi--
   Epoch =  0 ,  Loss: 0.0030440061818808317
   Epoch =  19 ,  Loss: 0.0036311731673777103
--Estimation of V--
 Epoch = 0,  Loss: 0.00029130085
 Epoch = 50,  Loss: 0.0016969129
 Epoch = 100,  Loss: 0.0025622281
 Epoch = 150,  Loss: 0.0049601523
 Epoch = 200,  Loss: 0.0051418287
 Epoch = 250,  Loss: 0.0019589325
 Epoch = 299,  Loss: 0.0057656695
--Update of pi--
   Epoch =  0 ,  Loss: 0.0036852043122053146
   Epoch =  19 ,  Loss: 0.004529016558080912
--Estimation of V--
 Epoch = 0,  Loss: 0.005779221
 Epoch = 50,  Loss: 0.0055095665
 Epoch = 100,  Loss: 0.0021088254
 Epoch = 150,  Loss: 0.0052449214
 Epoch = 200,  Loss: 0.003930009
 Epoch = 250,  Loss: 0.002700958
 Epoch = 299,  Loss: 0.004727887
--Update of pi--
   Epoch =  0 ,  Loss: 0.004579601343721151
   Epoch =  19 ,  Loss: 0.0055855512619018555
--Estimation of V--
 Epoch = 0,  Loss: 0.0047259415
 Epoch = 50,  Loss: 0.0028123006
 Epoch = 100,  Loss: 0.002384723
 Epoch = 150,  Loss: 0.0031842955
 Epoch = 200,  Loss: 0.0038768179
 Epoch = 250,  Loss: 0.0032611305
 Epoch = 299,  Loss: 0.0014625825
--Update of pi--
   Epoch =  0 ,  Loss: 0.005643046926707029
   Epoch =  19 ,  Loss: 0.006490166764706373
--Estimation of V--
 Epoch = 0,  Loss: 0.0014358131
 Epoch = 50,  Loss: 0.0010219454
 Epoch = 100,  Loss: 0.00051977887
 Epoch = 150,  Loss: 0.0005216955
 Epoch = 200,  Loss: 0.00052079826
 Epoch = 250,  Loss: 0.00051800313
 Epoch = 299,  Loss: 0.00052568363
--Update of pi--
   Epoch =  0 ,  Loss: 0.0065110777504742146
   Epoch =  19 ,  Loss: 0.0068460446782410145
--Estimation of V--
 Epoch = 0,  Loss: 0.00052574574
 Epoch = 50,  Loss: 0.0005165996
 Epoch = 100,  Loss: 0.0005015507
 Epoch = 150,  Loss: 0.00049539655
 Epoch = 200,  Loss: 0.0004897747
 Epoch = 250,  Loss: 0.00048650376
 Epoch = 299,  Loss: 0.0004917369
--Update of pi--
   Epoch =  0 ,  Loss: 0.006798958405852318
   Epoch =  19 ,  Loss: 0.006118445191532373
--Estimation of V--
 Epoch = 0,  Loss: 0.0004917594
 Epoch = 50,  Loss: 0.000502128
 Epoch = 100,  Loss: 0.00049644324
 Epoch = 150,  Loss: 0.00048317894
 Epoch = 200,  Loss: 0.00047782247
 Epoch = 250,  Loss: 0.0004733502
 Epoch = 299,  Loss: 0.00046933335
--Update of pi--
   Epoch =  0 ,  Loss: 0.006049628835171461
   Epoch =  19 ,  Loss: 0.005062579642981291
--Estimation of V--
 Epoch = 0,  Loss: 0.00046925887
 Epoch = 50,  Loss: 0.0004656377
 Epoch = 100,  Loss: 0.0004621543
 Epoch = 150,  Loss: 0.00045856409
 Epoch = 200,  Loss: 0.00045456237
 Epoch = 250,  Loss: 0.0004502423
 Epoch = 299,  Loss: 0.00044560447
--Update of pi--
   Epoch =  0 ,  Loss: 0.004999612458050251
   Epoch =  19 ,  Loss: 0.0039208936505019665
--Estimation of V--
 Epoch = 0,  Loss: 0.00044551262
 Epoch = 50,  Loss: 0.00044773298
 Epoch = 100,  Loss: 0.00044978486
 Epoch = 150,  Loss: 0.00044374436
 Epoch = 200,  Loss: 0.00043675533
 Epoch = 250,  Loss: 0.00042983246
 Epoch = 299,  Loss: 0.0004229129
--Update of pi--
   Epoch =  0 ,  Loss: 0.003868022235110402
   Epoch =  19 ,  Loss: 0.00308694364503026
--Estimation of V--
 Epoch = 0,  Loss: 0.00042278416
 Epoch = 50,  Loss: 0.00043932893
 Epoch = 100,  Loss: 0.00044881622
 Epoch = 150,  Loss: 0.00043510902
 Epoch = 200,  Loss: 0.00042450614
 Epoch = 250,  Loss: 0.00041235343
 Epoch = 299,  Loss: 0.000402691
--Update of pi--
   Epoch =  0 ,  Loss: 0.0030689709819853306
   Epoch =  19 ,  Loss: 0.0027575213462114334
--Estimation of V--
 Epoch = 0,  Loss: 0.0004024883
 Epoch = 50,  Loss: 0.00042161197
 Epoch = 100,  Loss: 0.00042904407
 Epoch = 150,  Loss: 0.00040876243
 Epoch = 200,  Loss: 0.00039661425
 Epoch = 250,  Loss: 0.0003817268
 Epoch = 299,  Loss: 0.00036952287
--Update of pi--
   Epoch =  0 ,  Loss: 0.0027629851829260588
   Epoch =  19 ,  Loss: 0.0028277020901441574
--Estimation of V--
 Epoch = 0,  Loss: 0.0003692767
 Epoch = 50,  Loss: 0.00039234306
 Epoch = 100,  Loss: 0.00039636955
 Epoch = 150,  Loss: 0.0003671907
 Epoch = 200,  Loss: 0.0003551851
 Epoch = 250,  Loss: 0.00034045466
 Epoch = 299,  Loss: 0.00032866735
--Update of pi--
   Epoch =  0 ,  Loss: 0.002843469614163041
   Epoch =  19 ,  Loss: 0.002994285896420479
--Estimation of V--
 Epoch = 0,  Loss: 0.00032849793
 Epoch = 50,  Loss: 0.00036813229
 Epoch = 100,  Loss: 0.00037232877
 Epoch = 150,  Loss: 0.00033553538
 Epoch = 200,  Loss: 0.00033226406
 Epoch = 250,  Loss: 0.00032490309
 Epoch = 299,  Loss: 0.00031903072
--Update of pi--
   Epoch =  0 ,  Loss: 0.002992169000208378
   Epoch =  19 ,  Loss: 0.0029531053733080626
--Estimation of V--
 Epoch = 0,  Loss: 0.0003190005
 Epoch = 50,  Loss: 0.00031225433
 Epoch = 100,  Loss: 0.0003126554
 Epoch = 150,  Loss: 0.0003124239
 Epoch = 200,  Loss: 0.0003496079
 Epoch = 250,  Loss: 0.0016934902
 Epoch = 299,  Loss: 0.0023909828
--Update of pi--
   Epoch =  0 ,  Loss: 0.0032563700806349516
   Epoch =  19 ,  Loss: 0.008934610523283482
--Estimation of V--
 Epoch = 0,  Loss: 0.0023929246
 Epoch = 50,  Loss: 0.0012863523
 Epoch = 100,  Loss: 0.0006702548
 Epoch = 150,  Loss: 0.0005385706
 Epoch = 200,  Loss: 0.0005659422
 Epoch = 250,  Loss: 0.00062015484
 Epoch = 299,  Loss: 0.0007830029
--Update of pi--
   Epoch =  0 ,  Loss: 0.009179891087114811
   Epoch =  19 ,  Loss: 0.01330784521996975
--Estimation of V--
 Epoch = 0,  Loss: 0.00078984216
 Epoch = 50,  Loss: 0.002670846
 Epoch = 100,  Loss: 0.009171862
 Epoch = 150,  Loss: 0.014995362
 Epoch = 200,  Loss: 0.013671823
 Epoch = 250,  Loss: 0.01886824
 Epoch = 299,  Loss: 0.024127765
--Update of pi--
   Epoch =  0 ,  Loss: 0.01344407070428133
   Epoch =  19 ,  Loss: 0.016091404482722282
--Estimation of V--
 Epoch = 0,  Loss: 0.024067787
 Epoch = 50,  Loss: 0.0130587
 Epoch = 100,  Loss: 0.0056609483
 Epoch = 150,  Loss: 0.010691609
 Epoch = 200,  Loss: 0.008008213
 Epoch = 250,  Loss: 0.0029997765
 Epoch = 299,  Loss: 0.00316191
--Update of pi--
   Epoch =  0 ,  Loss: 0.01616765186190605
   Epoch =  19 ,  Loss: 0.01722170226275921
--Estimation of V--
 Epoch = 0,  Loss: 0.003158656
 Epoch = 50,  Loss: 0.0024814494
 Epoch = 100,  Loss: 0.0020162521
 Epoch = 150,  Loss: 0.0010164215
 Epoch = 200,  Loss: 0.0010026745
 Epoch = 250,  Loss: 0.0012822762
 Epoch = 299,  Loss: 0.0012927712
--Update of pi--
   Epoch =  0 ,  Loss: 0.017380673438310623
   Epoch =  19 ,  Loss: 0.02014167234301567
--Estimation of V--
 Epoch = 0,  Loss: 0.0012768239
 Epoch = 50,  Loss: 0.0009303216
 Epoch = 100,  Loss: 0.001175337
 Epoch = 150,  Loss: 0.00094286597
 Epoch = 200,  Loss: 0.0005924026
 Epoch = 250,  Loss: 0.0006727172
 Epoch = 299,  Loss: 0.0007154582
--Update of pi--
   Epoch =  0 ,  Loss: 0.01998833380639553
   Epoch =  19 ,  Loss: 0.01719732955098152
--Estimation of V--
 Epoch = 0,  Loss: 0.00071038725
 Epoch = 50,  Loss: 0.0010391348
 Epoch = 100,  Loss: 0.0010670741
 Epoch = 150,  Loss: 0.0009910516
 Epoch = 200,  Loss: 0.0010094051
 Epoch = 250,  Loss: 0.0010260878
 Epoch = 299,  Loss: 0.0013765984
--Update of pi--
   Epoch =  0 ,  Loss: 0.017076831310987473
   Epoch =  19 ,  Loss: 0.015315081924200058
--Estimation of V--
 Epoch = 0,  Loss: 0.0013700528
 Epoch = 50,  Loss: 0.0010021346
 Epoch = 100,  Loss: 0.0005640811
 Epoch = 150,  Loss: 0.0005655698
 Epoch = 200,  Loss: 0.0004821855
 Epoch = 250,  Loss: 0.0005254395
 Epoch = 299,  Loss: 0.00050522876
--Update of pi--
   Epoch =  0 ,  Loss: 0.015301370993256569
   Epoch =  19 ,  Loss: 0.015034232288599014
--Estimation of V--
 Epoch = 0,  Loss: 0.0005027796
 Epoch = 50,  Loss: 0.00053604523
 Epoch = 100,  Loss: 0.00052240374
 Epoch = 150,  Loss: 0.0004515837
 Epoch = 200,  Loss: 0.00045546194
 Epoch = 250,  Loss: 0.0004333348
 Epoch = 299,  Loss: 0.00043358613
--Update of pi--
   Epoch =  0 ,  Loss: 0.015103786252439022
   Epoch =  19 ,  Loss: 0.016969818621873856
--Estimation of V--
 Epoch = 0,  Loss: 0.00043364463
 Epoch = 50,  Loss: 0.0004231053
 Epoch = 100,  Loss: 0.00042107102
 Epoch = 150,  Loss: 0.00042101127
 Epoch = 200,  Loss: 0.0004184844
 Epoch = 250,  Loss: 0.0004171646
 Epoch = 299,  Loss: 0.0004142644
--Update of pi--
   Epoch =  0 ,  Loss: 0.017119523137807846
   Epoch =  19 ,  Loss: 0.020167790353298187
--Estimation of V--
 Epoch = 0,  Loss: 0.0004142257
 Epoch = 50,  Loss: 0.0004101624
 Epoch = 100,  Loss: 0.0004010073
 Epoch = 150,  Loss: 0.00039011455
 Epoch = 200,  Loss: 0.00038126216
 Epoch = 250,  Loss: 0.00037127562
 Epoch = 299,  Loss: 0.00035506758
--Update of pi--
   Epoch =  0 ,  Loss: 0.020261211320757866
   Epoch =  19 ,  Loss: 0.021849827840924263
--Estimation of V--
 Epoch = 0,  Loss: 0.00035470174
 Epoch = 50,  Loss: 0.00044373874
 Epoch = 100,  Loss: 0.00046570305
 Epoch = 150,  Loss: 0.0003663661
 Epoch = 200,  Loss: 0.00046878553
 Epoch = 250,  Loss: 0.0006984986
 Epoch = 299,  Loss: 0.0006754284
--Update of pi--
   Epoch =  0 ,  Loss: 0.02189948968589306
   Epoch =  19 ,  Loss: 0.02267508953809738
--Estimation of V--
 Epoch = 0,  Loss: 0.00064639567
 Epoch = 50,  Loss: 0.0013546514
 Epoch = 100,  Loss: 0.0014307396
 Epoch = 150,  Loss: 0.00079697854
 Epoch = 200,  Loss: 0.001305459
 Epoch = 250,  Loss: 0.0017525933
 Epoch = 299,  Loss: 0.0014699451
--Update of pi--
   Epoch =  0 ,  Loss: 0.022611625492572784
   Epoch =  19 ,  Loss: 0.02134581282734871
--Estimation of V--
 Epoch = 0,  Loss: 0.0014610463
 Epoch = 50,  Loss: 0.0012416139
 Epoch = 100,  Loss: 0.0028151362
 Epoch = 150,  Loss: 0.0056901807
 Epoch = 200,  Loss: 0.0043954346
 Epoch = 250,  Loss: 0.005582886
 Epoch = 299,  Loss: 0.006283966
--Update of pi--
   Epoch =  0 ,  Loss: 0.021338067948818207
   Epoch =  19 ,  Loss: 0.020432239398360252
--Estimation of V--
 Epoch = 0,  Loss: 0.0063393987
 Epoch = 50,  Loss: 0.0075939316
 Epoch = 100,  Loss: 0.006796662
 Epoch = 150,  Loss: 0.0010854271
 Epoch = 200,  Loss: 0.001048068
 Epoch = 250,  Loss: 0.0014405991
 Epoch = 299,  Loss: 0.0010380698
--Update of pi--
   Epoch =  0 ,  Loss: 0.020136430859565735
   Epoch =  19 ,  Loss: 0.014352473430335522
--Estimation of V--
 Epoch = 0,  Loss: 0.0010214194
 Epoch = 50,  Loss: 0.00055074994
 Epoch = 100,  Loss: 0.00047220188
 Epoch = 150,  Loss: 0.00047506526
 Epoch = 200,  Loss: 0.000468206
 Epoch = 250,  Loss: 0.0004644415
 Epoch = 299,  Loss: 0.00046127956
--Update of pi--
   Epoch =  0 ,  Loss: 0.014101301319897175
   Epoch =  19 ,  Loss: 0.009507786482572556
--Estimation of V--
 Epoch = 0,  Loss: 0.00046121687
 Epoch = 50,  Loss: 0.0004594
 Epoch = 100,  Loss: 0.00045642696
 Epoch = 150,  Loss: 0.00045232783
 Epoch = 200,  Loss: 0.0004498586
 Epoch = 250,  Loss: 0.00044721007
 Epoch = 299,  Loss: 0.00044418563
--Update of pi--
   Epoch =  0 ,  Loss: 0.009326007217168808
   Epoch =  19 ,  Loss: 0.0060869609005749226
--Estimation of V--
 Epoch = 0,  Loss: 0.00044412367
 Epoch = 50,  Loss: 0.00044128325
 Epoch = 100,  Loss: 0.00043804236
 Epoch = 150,  Loss: 0.00043438838
 Epoch = 200,  Loss: 0.00043052487
 Epoch = 250,  Loss: 0.0004256881
 Epoch = 299,  Loss: 0.00041963626
--Update of pi--
   Epoch =  0 ,  Loss: 0.006026939023286104
   Epoch =  19 ,  Loss: 0.00490084383636713
--Estimation of V--
 Epoch = 0,  Loss: 0.00041949726
 Epoch = 50,  Loss: 0.00042109494
 Epoch = 100,  Loss: 0.0004169827
 Epoch = 150,  Loss: 0.00040666043
 Epoch = 200,  Loss: 0.0004020989
 Epoch = 250,  Loss: 0.00039110385
 Epoch = 299,  Loss: 0.00037928403
--Update of pi--
   Epoch =  0 ,  Loss: 0.00485635083168745
   Epoch =  19 ,  Loss: 0.0044327606447041035
--Estimation of V--
 Epoch = 0,  Loss: 0.0003795625
 Epoch = 50,  Loss: 0.00043304745
 Epoch = 100,  Loss: 0.0009863174
 Epoch = 150,  Loss: 0.0010998488
 Epoch = 200,  Loss: 0.00083307095
 Epoch = 250,  Loss: 0.0006771639
 Epoch = 299,  Loss: 0.0003882279
--Update of pi--
   Epoch =  0 ,  Loss: 0.004525177646428347
   Epoch =  19 ,  Loss: 0.006252857390791178
--Estimation of V--
 Epoch = 0,  Loss: 0.00038489205
 Epoch = 50,  Loss: 0.00075135427
 Epoch = 100,  Loss: 0.004589792
 Epoch = 150,  Loss: 0.004599296
 Epoch = 200,  Loss: 0.0013936196
 Epoch = 250,  Loss: 0.0013150558
 Epoch = 299,  Loss: 0.0012092455
--Update of pi--
   Epoch =  0 ,  Loss: 0.006305223796516657
   Epoch =  19 ,  Loss: 0.007086573168635368
--Estimation of V--
 Epoch = 0,  Loss: 0.001189332
 Epoch = 50,  Loss: 0.0010753678
 Epoch = 100,  Loss: 0.001047409
 Epoch = 150,  Loss: 0.0010909317
 Epoch = 200,  Loss: 0.00085430057
 Epoch = 250,  Loss: 0.0013315486
 Epoch = 299,  Loss: 0.00142673
--Update of pi--
   Epoch =  0 ,  Loss: 0.007128284778445959
   Epoch =  19 ,  Loss: 0.0074039180763065815
--Estimation of V--
 Epoch = 0,  Loss: 0.0014262355
 Epoch = 50,  Loss: 0.0007402911
 Epoch = 100,  Loss: 0.00045314588
 Epoch = 150,  Loss: 0.0004423406
 Epoch = 200,  Loss: 0.00042094852
 Epoch = 250,  Loss: 0.00041865237
 Epoch = 299,  Loss: 0.00041641243
--Update of pi--
   Epoch =  0 ,  Loss: 0.007397703360766172
   Epoch =  19 ,  Loss: 0.007279849145561457
--Estimation of V--
 Epoch = 0,  Loss: 0.00041632506
 Epoch = 50,  Loss: 0.00041390755
 Epoch = 100,  Loss: 0.00040878795
 Epoch = 150,  Loss: 0.000403599
 Epoch = 200,  Loss: 0.0003982121
 Epoch = 250,  Loss: 0.00039328664
 Epoch = 299,  Loss: 0.00038981548
--Update of pi--
   Epoch =  0 ,  Loss: 0.007176382001489401
   Epoch =  19 ,  Loss: 0.0054338001646101475
--Estimation of V--
 Epoch = 0,  Loss: 0.00038976318
 Epoch = 50,  Loss: 0.00039095845
 Epoch = 100,  Loss: 0.0003800271
 Epoch = 150,  Loss: 0.00036300597
 Epoch = 200,  Loss: 0.0003564467
 Epoch = 250,  Loss: 0.00035444935
 Epoch = 299,  Loss: 0.0003734956
--Update of pi--
   Epoch =  0 ,  Loss: 0.005379032343626022
   Epoch =  19 ,  Loss: 0.0042834896594285965
--Estimation of V--
 Epoch = 0,  Loss: 0.00037448204
 Epoch = 50,  Loss: 0.00041561187
 Epoch = 100,  Loss: 0.0003873894
 Epoch = 150,  Loss: 0.0008809072
 Epoch = 200,  Loss: 0.0010871305
 Epoch = 250,  Loss: 0.0009801213
 Epoch = 299,  Loss: 0.0011127576
--Update of pi--
   Epoch =  0 ,  Loss: 0.004328561946749687
   Epoch =  19 ,  Loss: 0.005180741660296917
--Estimation of V--
 Epoch = 0,  Loss: 0.0011122447
 Epoch = 50,  Loss: 0.0009403793
 Epoch = 100,  Loss: 0.0058450014
 Epoch = 150,  Loss: 0.007740406
 Epoch = 200,  Loss: 0.004960852
 Epoch = 250,  Loss: 0.0069583873
 Epoch = 299,  Loss: 0.0053667068
--Update of pi--
   Epoch =  0 ,  Loss: 0.0052529191598296165
   Epoch =  19 ,  Loss: 0.0069044954143464565
--Estimation of V--
 Epoch = 0,  Loss: 0.0052954876
 Epoch = 50,  Loss: 0.004309413
 Epoch = 100,  Loss: 0.0038103526
 Epoch = 150,  Loss: 0.0021927354
 Epoch = 200,  Loss: 0.0041131987
 Epoch = 250,  Loss: 0.002845925
 Epoch = 299,  Loss: 0.0025782185
--Update of pi--
   Epoch =  0 ,  Loss: 0.0069800312630832195
   Epoch =  19 ,  Loss: 0.007840102538466454
--Estimation of V--
 Epoch = 0,  Loss: 0.002651943
 Epoch = 50,  Loss: 0.003536317
 Epoch = 100,  Loss: 0.0016199298
 Epoch = 150,  Loss: 0.00050551904
 Epoch = 200,  Loss: 0.0004433143
 Epoch = 250,  Loss: 0.00043247413
 Epoch = 299,  Loss: 0.0004270588
--Update of pi--
   Epoch =  0 ,  Loss: 0.007846834138035774
   Epoch =  19 ,  Loss: 0.008159378543496132
--Estimation of V--
 Epoch = 0,  Loss: 0.0004269759
 Epoch = 50,  Loss: 0.0004296945
 Epoch = 100,  Loss: 0.00043108183
 Epoch = 150,  Loss: 0.00042479223
 Epoch = 200,  Loss: 0.00042046898
 Epoch = 250,  Loss: 0.0004176176
 Epoch = 299,  Loss: 0.0004148722
--Update of pi--
   Epoch =  0 ,  Loss: 0.008114899508655071
   Epoch =  19 ,  Loss: 0.0075171287171542645
--Estimation of V--
 Epoch = 0,  Loss: 0.0004148342
 Epoch = 50,  Loss: 0.00041535453
 Epoch = 100,  Loss: 0.00043986415
 Epoch = 150,  Loss: 0.00048414353
 Epoch = 200,  Loss: 0.00046761756
 Epoch = 250,  Loss: 0.00043477438
 Epoch = 299,  Loss: 0.00044175985
--Update of pi--
   Epoch =  0 ,  Loss: 0.00742639834061265
   Epoch =  19 ,  Loss: 0.005875816568732262
--Estimation of V--
 Epoch = 0,  Loss: 0.0004417539
 Epoch = 50,  Loss: 0.00043356593
 Epoch = 100,  Loss: 0.00041846308
 Epoch = 150,  Loss: 0.00041110133
 Epoch = 200,  Loss: 0.00040788247
 Epoch = 250,  Loss: 0.00040486947
 Epoch = 299,  Loss: 0.0004007284
--Update of pi--
   Epoch =  0 ,  Loss: 0.005769593175500631
   Epoch =  19 ,  Loss: 0.003965185489505529
--Estimation of V--
 Epoch = 0,  Loss: 0.0004006327
 Epoch = 50,  Loss: 0.0004005418
 Epoch = 100,  Loss: 0.00039708332
 Epoch = 150,  Loss: 0.00038888972
 Epoch = 200,  Loss: 0.00038263958
 Epoch = 250,  Loss: 0.00037201255
 Epoch = 299,  Loss: 0.00036206248
--Update of pi--
   Epoch =  0 ,  Loss: 0.003953288309276104
   Epoch =  19 ,  Loss: 0.004075935576111078
--Estimation of V--
 Epoch = 0,  Loss: 0.00036211737
 Epoch = 50,  Loss: 0.00042084005
 Epoch = 100,  Loss: 0.00040115372
 Epoch = 150,  Loss: 0.00033964444
 Epoch = 200,  Loss: 0.00071341364
 Epoch = 250,  Loss: 0.00090318994
 Epoch = 299,  Loss: 0.00061615574
--Update of pi--
   Epoch =  0 ,  Loss: 0.004089521709829569
   Epoch =  19 ,  Loss: 0.0042870547622442245
--Estimation of V--
 Epoch = 0,  Loss: 0.000614015
 Epoch = 50,  Loss: 0.0008000633
 Epoch = 100,  Loss: 0.0011446469
 Epoch = 150,  Loss: 0.0008543482
 Epoch = 200,  Loss: 0.0012152873
 Epoch = 250,  Loss: 0.0028941028
 Epoch = 299,  Loss: 0.0024440726
--Update of pi--
   Epoch =  0 ,  Loss: 0.004301737528294325
   Epoch =  19 ,  Loss: 0.0044682826846838
--Estimation of V--
 Epoch = 0,  Loss: 0.002413035
 Epoch = 50,  Loss: 0.0006815741
 Epoch = 100,  Loss: 0.00058708154
 Epoch = 150,  Loss: 0.00063111895
 Epoch = 200,  Loss: 0.000607066
 Epoch = 250,  Loss: 0.00084425986
 Epoch = 299,  Loss: 0.00091774546
--Update of pi--
   Epoch =  0 ,  Loss: 0.004502827301621437
   Epoch =  19 ,  Loss: 0.004831560887396336
--Estimation of V--
 Epoch = 0,  Loss: 0.0009194653
 Epoch = 50,  Loss: 0.0008259347
 Epoch = 100,  Loss: 0.00059457106
 Epoch = 150,  Loss: 0.00038622494
 Epoch = 200,  Loss: 0.00038363508
 Epoch = 250,  Loss: 0.00038468064
 Epoch = 299,  Loss: 0.0003910565
--Update of pi--
   Epoch =  0 ,  Loss: 0.004863827954977751
   Epoch =  19 ,  Loss: 0.005470397416502237
--Estimation of V--
 Epoch = 0,  Loss: 0.0003912538
 Epoch = 50,  Loss: 0.00036926303
 Epoch = 100,  Loss: 0.00033614144
 Epoch = 150,  Loss: 0.00033331919
 Epoch = 200,  Loss: 0.00034485452
 Epoch = 250,  Loss: 0.00036921568
 Epoch = 299,  Loss: 0.0004099655
--Update of pi--
   Epoch =  0 ,  Loss: 0.005475074518471956
   Epoch =  19 ,  Loss: 0.0055844103917479515
--Estimation of V--
 Epoch = 0,  Loss: 0.0004110454
 Epoch = 50,  Loss: 0.00042828315
 Epoch = 100,  Loss: 0.00037930763
 Epoch = 150,  Loss: 0.00033260044
 Epoch = 200,  Loss: 0.00032003102
 Epoch = 250,  Loss: 0.00030592986
 Epoch = 299,  Loss: 0.00029175106
--Update of pi--
   Epoch =  0 ,  Loss: 0.0055807302705943584
   Epoch =  19 ,  Loss: 0.0052090962417423725
--Estimation of V--
 Epoch = 0,  Loss: 0.00029157312
 Epoch = 50,  Loss: 0.0004094189
 Epoch = 100,  Loss: 0.00043078297
 Epoch = 150,  Loss: 0.00037141767
 Epoch = 200,  Loss: 0.0006187258
 Epoch = 250,  Loss: 0.0009914518
 Epoch = 299,  Loss: 0.0020647193
--Update of pi--
   Epoch =  0 ,  Loss: 0.00519841443747282
   Epoch =  19 ,  Loss: 0.005182653199881315
--Estimation of V--
 Epoch = 0,  Loss: 0.0020451446
 Epoch = 50,  Loss: 0.0023340597
 Epoch = 100,  Loss: 0.0034726663
 Epoch = 150,  Loss: 0.0041814684
 Epoch = 200,  Loss: 0.0044188
 Epoch = 250,  Loss: 0.0041762684
 Epoch = 299,  Loss: 0.0040323134
--Update of pi--
   Epoch =  0 ,  Loss: 0.005167405586689711
   Epoch =  19 ,  Loss: 0.005124437622725964
--Estimation of V--
 Epoch = 0,  Loss: 0.0040324694
 Epoch = 50,  Loss: 0.0031818277
 Epoch = 100,  Loss: 0.003812116
 Epoch = 150,  Loss: 0.004378624
 Epoch = 200,  Loss: 0.0021430075
 Epoch = 250,  Loss: 0.0047569447
 Epoch = 299,  Loss: 0.004235875
--Update of pi--
   Epoch =  0 ,  Loss: 0.005119587294757366
   Epoch =  19 ,  Loss: 0.004722728859633207
--Estimation of V--
 Epoch = 0,  Loss: 0.0041765515
 Epoch = 50,  Loss: 0.00083518616
 Epoch = 100,  Loss: 0.0009839981
 Epoch = 150,  Loss: 0.00096369436
 Epoch = 200,  Loss: 0.0006038515
 Epoch = 250,  Loss: 0.0011481034
 Epoch = 299,  Loss: 0.0013413511
--Update of pi--
   Epoch =  0 ,  Loss: 0.004651918075978756
   Epoch =  19 ,  Loss: 0.0036117497365921736
--Estimation of V--
 Epoch = 0,  Loss: 0.0013514205
 Epoch = 50,  Loss: 0.0009905745
 Epoch = 100,  Loss: 0.0017980599
 Epoch = 150,  Loss: 0.0020407261
 Epoch = 200,  Loss: 0.0012851612
 Epoch = 250,  Loss: 0.0020146035
 Epoch = 299,  Loss: 0.0022149163
--Update of pi--
   Epoch =  0 ,  Loss: 0.003589937463402748
   Epoch =  19 ,  Loss: 0.0034012540709227324
--Estimation of V--
 Epoch = 0,  Loss: 0.0022273741
 Epoch = 50,  Loss: 0.0014106667
 Epoch = 100,  Loss: 0.0033451028
 Epoch = 150,  Loss: 0.0037419125
 Epoch = 200,  Loss: 0.0017271279
 Epoch = 250,  Loss: 0.003600006
 Epoch = 299,  Loss: 0.0040911115
--Update of pi--
   Epoch =  0 ,  Loss: 0.00339000322856009
   Epoch =  19 ,  Loss: 0.00316671933978796
--Estimation of V--
 Epoch = 0,  Loss: 0.0040839557
 Epoch = 50,  Loss: 0.0017467707
 Epoch = 100,  Loss: 0.0024014628
 Epoch = 150,  Loss: 0.003246825
 Epoch = 200,  Loss: 0.0019978702
 Epoch = 250,  Loss: 0.0018169628
 Epoch = 299,  Loss: 0.003010239
--Update of pi--
   Epoch =  0 ,  Loss: 0.0031554570887237787
   Epoch =  19 ,  Loss: 0.0029319932218641043
--Estimation of V--
 Epoch = 0,  Loss: 0.0030115298
 Epoch = 50,  Loss: 0.0023601793
 Epoch = 100,  Loss: 0.0008668623
 Epoch = 150,  Loss: 0.00078900205
 Epoch = 200,  Loss: 0.00080835796
 Epoch = 250,  Loss: 0.0005647195
 Epoch = 299,  Loss: 0.0006137122
--Update of pi--
   Epoch =  0 ,  Loss: 0.0029175295494496822
   Epoch =  19 ,  Loss: 0.0027127659413963556
--Estimation of V--
 Epoch = 0,  Loss: 0.0006174234
 Epoch = 50,  Loss: 0.0006241595
 Epoch = 100,  Loss: 0.0004932403
 Epoch = 150,  Loss: 0.00043865747
 Epoch = 200,  Loss: 0.00043598653
 Epoch = 250,  Loss: 0.0004325868
 Epoch = 299,  Loss: 0.0004289184
--Update of pi--
   Epoch =  0 ,  Loss: 0.0027259683702141047
   Epoch =  19 ,  Loss: 0.0028656008653342724
--Estimation of V--
 Epoch = 0,  Loss: 0.00042885245
 Epoch = 50,  Loss: 0.00042847448
 Epoch = 100,  Loss: 0.0004193295
 Epoch = 150,  Loss: 0.0004050346
 Epoch = 200,  Loss: 0.00039796197
 Epoch = 250,  Loss: 0.0003919675
 Epoch = 299,  Loss: 0.00038812883
--Update of pi--
   Epoch =  0 ,  Loss: 0.0028755974490195513
   Epoch =  19 ,  Loss: 0.0029210469219833612
--Estimation of V--
 Epoch = 0,  Loss: 0.00038809684
 Epoch = 50,  Loss: 0.00040865983
 Epoch = 100,  Loss: 0.00040714772
 Epoch = 150,  Loss: 0.00037914517
 Epoch = 200,  Loss: 0.00036919664
 Epoch = 250,  Loss: 0.00035985338
 Epoch = 299,  Loss: 0.00035372295
--Update of pi--
   Epoch =  0 ,  Loss: 0.0029271652456372976
   Epoch =  19 ,  Loss: 0.002913904143497348
--Estimation of V--
 Epoch = 0,  Loss: 0.0003536539
 Epoch = 50,  Loss: 0.0003522346
 Epoch = 100,  Loss: 0.00034340096
 Epoch = 150,  Loss: 0.00033123218
 Epoch = 200,  Loss: 0.00032789403
 Epoch = 250,  Loss: 0.0003358961
 Epoch = 299,  Loss: 0.00038748048
--Update of pi--
   Epoch =  0 ,  Loss: 0.002960842801257968
   Epoch =  19 ,  Loss: 0.0036685066297650337
--Estimation of V--
 Epoch = 0,  Loss: 0.00038965553
 Epoch = 50,  Loss: 0.00048015214
 Epoch = 100,  Loss: 0.00040828035
 Epoch = 150,  Loss: 0.0002815112
 Epoch = 200,  Loss: 0.00037607548
 Epoch = 250,  Loss: 0.0013069224
 Epoch = 299,  Loss: 0.001617899
--Update of pi--
   Epoch =  0 ,  Loss: 0.003877095878124237
   Epoch =  19 ,  Loss: 0.007902597077190876
--Estimation of V--
 Epoch = 0,  Loss: 0.0016161586
 Epoch = 50,  Loss: 0.00097050576
 Epoch = 100,  Loss: 0.0008925042
 Epoch = 150,  Loss: 0.0018749955
 Epoch = 200,  Loss: 0.0074751335
 Epoch = 250,  Loss: 0.008944747
 Epoch = 299,  Loss: 0.0038562333
--Update of pi--
   Epoch =  0 ,  Loss: 0.007956748828291893
   Epoch =  19 ,  Loss: 0.008836258202791214
--Estimation of V--
 Epoch = 0,  Loss: 0.0037548712
 Epoch = 50,  Loss: 0.0012861723
 Epoch = 100,  Loss: 0.0007885045
 Epoch = 150,  Loss: 0.0010532624
 Epoch = 200,  Loss: 0.0016461405
 Epoch = 250,  Loss: 0.0015900369
 Epoch = 299,  Loss: 0.001169946
--Update of pi--
   Epoch =  0 ,  Loss: 0.008885158225893974
   Epoch =  19 ,  Loss: 0.009426490403711796
--Estimation of V--
 Epoch = 0,  Loss: 0.001170678
 Epoch = 50,  Loss: 0.0008232948
 Epoch = 100,  Loss: 0.00051613344
 Epoch = 150,  Loss: 0.0004627623
 Epoch = 200,  Loss: 0.0004237202
 Epoch = 250,  Loss: 0.00042659589
 Epoch = 299,  Loss: 0.00041949333
--Update of pi--
   Epoch =  0 ,  Loss: 0.009433513507246971
   Epoch =  19 ,  Loss: 0.009522419422864914
--Estimation of V--
 Epoch = 0,  Loss: 0.00041988277
 Epoch = 50,  Loss: 0.00040750808
 Epoch = 100,  Loss: 0.0004060632
 Epoch = 150,  Loss: 0.00039907542
 Epoch = 200,  Loss: 0.00038867688
 Epoch = 250,  Loss: 0.00038295417
 Epoch = 299,  Loss: 0.00037825518
--Update of pi--
   Epoch =  0 ,  Loss: 0.00947182159870863
   Epoch =  19 ,  Loss: 0.008831680752336979
--Estimation of V--
 Epoch = 0,  Loss: 0.00037815387
 Epoch = 50,  Loss: 0.0003718582
 Epoch = 100,  Loss: 0.00036587543
 Epoch = 150,  Loss: 0.00036183314
 Epoch = 200,  Loss: 0.00035791803
 Epoch = 250,  Loss: 0.00035427502
 Epoch = 299,  Loss: 0.00035164767
--Update of pi--
   Epoch =  0 ,  Loss: 0.008621986955404282
   Epoch =  19 ,  Loss: 0.004773075692355633
--Estimation of V--
 Epoch = 0,  Loss: 0.0003516203
 Epoch = 50,  Loss: 0.00035266936
 Epoch = 100,  Loss: 0.00034639196
 Epoch = 150,  Loss: 0.00033525686
 Epoch = 200,  Loss: 0.0003302049
 Epoch = 250,  Loss: 0.00032587722
 Epoch = 299,  Loss: 0.00032202978
--Update of pi--
   Epoch =  0 ,  Loss: 0.004722788464277983
   Epoch =  19 ,  Loss: 0.003903785953298211
--Estimation of V--
 Epoch = 0,  Loss: 0.00032197975
 Epoch = 50,  Loss: 0.00033831588
 Epoch = 100,  Loss: 0.0003441499
 Epoch = 150,  Loss: 0.00032713983
 Epoch = 200,  Loss: 0.0003203516
 Epoch = 250,  Loss: 0.00031669906
 Epoch = 299,  Loss: 0.0003132672
--Update of pi--
   Epoch =  0 ,  Loss: 0.0038460800424218178
   Epoch =  19 ,  Loss: 0.003314151195809245
--Estimation of V--
 Epoch = 0,  Loss: 0.00031320006
 Epoch = 50,  Loss: 0.0003113721
 Epoch = 100,  Loss: 0.00031000652
 Epoch = 150,  Loss: 0.00030801728
 Epoch = 200,  Loss: 0.0003063842
 Epoch = 250,  Loss: 0.00030330505
 Epoch = 299,  Loss: 0.00029972603
--Update of pi--
   Epoch =  0 ,  Loss: 0.003315664827823639
   Epoch =  19 ,  Loss: 0.0034086015075445175
--Estimation of V--
 Epoch = 0,  Loss: 0.00029973668
 Epoch = 50,  Loss: 0.00031835574
 Epoch = 100,  Loss: 0.00034610913
 Epoch = 150,  Loss: 0.00039068647
 Epoch = 200,  Loss: 0.0005128188
 Epoch = 250,  Loss: 0.0007960986
 Epoch = 299,  Loss: 0.0011297269
--Update of pi--
   Epoch =  0 ,  Loss: 0.0034341749269515276
   Epoch =  19 ,  Loss: 0.0037583429366350174
--Estimation of V--
 Epoch = 0,  Loss: 0.0011649923
 Epoch = 50,  Loss: 0.0013130705
 Epoch = 100,  Loss: 0.0009926036
 Epoch = 150,  Loss: 0.00063801254
 Epoch = 200,  Loss: 0.0005521903
 Epoch = 250,  Loss: 0.0005009839
 Epoch = 299,  Loss: 0.0004894056
--Update of pi--
   Epoch =  0 ,  Loss: 0.0037456878926604986
   Epoch =  19 ,  Loss: 0.0034885089844465256
--Estimation of V--
 Epoch = 0,  Loss: 0.00049012416
 Epoch = 50,  Loss: 0.00046327553
 Epoch = 100,  Loss: 0.000403611
 Epoch = 150,  Loss: 0.00036868305
 Epoch = 200,  Loss: 0.0003491
 Epoch = 250,  Loss: 0.00033907947
 Epoch = 299,  Loss: 0.00033022862
--Update of pi--
   Epoch =  0 ,  Loss: 0.003494296921417117
   Epoch =  19 ,  Loss: 0.0035557972732931376
--Estimation of V--
 Epoch = 0,  Loss: 0.00033008482
 Epoch = 50,  Loss: 0.00035648872
 Epoch = 100,  Loss: 0.00037239862
 Epoch = 150,  Loss: 0.0003576751
 Epoch = 200,  Loss: 0.00035952148
 Epoch = 250,  Loss: 0.00036054273
 Epoch = 299,  Loss: 0.00035997096
--Update of pi--
   Epoch =  0 ,  Loss: 0.003553306683897972
   Epoch =  19 ,  Loss: 0.0035602643620222807
--Estimation of V--
 Epoch = 0,  Loss: 0.00036011473
 Epoch = 50,  Loss: 0.00035400767
 Epoch = 100,  Loss: 0.00034574894
 Epoch = 150,  Loss: 0.00034075693
 Epoch = 200,  Loss: 0.00033606926
 Epoch = 250,  Loss: 0.00033032126
 Epoch = 299,  Loss: 0.00032398946
--Update of pi--
   Epoch =  0 ,  Loss: 0.0035892543382942677
   Epoch =  19 ,  Loss: 0.004166699480265379
--Estimation of V--
 Epoch = 0,  Loss: 0.00032421626
 Epoch = 50,  Loss: 0.0010056068
 Epoch = 100,  Loss: 0.0017680988
 Epoch = 150,  Loss: 0.0012881827
 Epoch = 200,  Loss: 0.0011602301
 Epoch = 250,  Loss: 0.0014101632
 Epoch = 299,  Loss: 0.0037939446
--Update of pi--
   Epoch =  0 ,  Loss: 0.00428535882383585
   Epoch =  19 ,  Loss: 0.0067223613150417805
--Estimation of V--
 Epoch = 0,  Loss: 0.003879644
 Epoch = 50,  Loss: 0.008765257
 Epoch = 100,  Loss: 0.010138796
 Epoch = 150,  Loss: 0.008335035
 Epoch = 200,  Loss: 0.005368739
 Epoch = 250,  Loss: 0.0028000795
 Epoch = 299,  Loss: 0.0061806734
--Update of pi--
   Epoch =  0 ,  Loss: 0.006737952120602131
   Epoch =  19 ,  Loss: 0.007021083030849695
--Estimation of V--
 Epoch = 0,  Loss: 0.0061507304
 Epoch = 50,  Loss: 0.0068648225
 Epoch = 100,  Loss: 0.006529139
 Epoch = 150,  Loss: 0.0056371405
 Epoch = 200,  Loss: 0.0033027267
 Epoch = 250,  Loss: 0.0038687398
 Epoch = 299,  Loss: 0.002466356
--Update of pi--
   Epoch =  0 ,  Loss: 0.0070774145424366
   Epoch =  19 ,  Loss: 0.007913252338767052
--Estimation of V--
 Epoch = 0,  Loss: 0.0024144386
 Epoch = 50,  Loss: 0.0019493868
 Epoch = 100,  Loss: 0.0019988988
 Epoch = 150,  Loss: 0.0013860397
 Epoch = 200,  Loss: 0.0008417644
 Epoch = 250,  Loss: 0.0008765454
 Epoch = 299,  Loss: 0.0010281749
--Update of pi--
   Epoch =  0 ,  Loss: 0.007938647642731667
   Epoch =  19 ,  Loss: 0.00800240971148014
--Estimation of V--
 Epoch = 0,  Loss: 0.0010329717
 Epoch = 50,  Loss: 0.00091235223
 Epoch = 100,  Loss: 0.0006016588
 Epoch = 150,  Loss: 0.0004866674
 Epoch = 200,  Loss: 0.00047043536
 Epoch = 250,  Loss: 0.00046386477
 Epoch = 299,  Loss: 0.00046013764
--Update of pi--
   Epoch =  0 ,  Loss: 0.007963898591697216
   Epoch =  19 ,  Loss: 0.00725266057997942
--Estimation of V--
 Epoch = 0,  Loss: 0.0004600823
 Epoch = 50,  Loss: 0.0004910925
 Epoch = 100,  Loss: 0.00049826456
 Epoch = 150,  Loss: 0.0004722806
 Epoch = 200,  Loss: 0.00046944854
 Epoch = 250,  Loss: 0.000465617
 Epoch = 299,  Loss: 0.0004625617
--Update of pi--
   Epoch =  0 ,  Loss: 0.007094202563166618
   Epoch =  19 ,  Loss: 0.0040638260543346405
--Estimation of V--
 Epoch = 0,  Loss: 0.0004625036
 Epoch = 50,  Loss: 0.00046230253
 Epoch = 100,  Loss: 0.0004628165
 Epoch = 150,  Loss: 0.00046060208
 Epoch = 200,  Loss: 0.0004576253
 Epoch = 250,  Loss: 0.00045467904
 Epoch = 299,  Loss: 0.00045177332
--Update of pi--
   Epoch =  0 ,  Loss: 0.004037946928292513
   Epoch =  19 ,  Loss: 0.0036450237967073917
--Estimation of V--
 Epoch = 0,  Loss: 0.00045171246
 Epoch = 50,  Loss: 0.0004490055
 Epoch = 100,  Loss: 0.000445855
 Epoch = 150,  Loss: 0.0004419351
 Epoch = 200,  Loss: 0.00043797455
 Epoch = 250,  Loss: 0.00043340967
 Epoch = 299,  Loss: 0.00042846345
--Update of pi--
   Epoch =  0 ,  Loss: 0.0035666448529809713
   Epoch =  19 ,  Loss: 0.002405367558822036
--Estimation of V--
 Epoch = 0,  Loss: 0.0004283606
 Epoch = 50,  Loss: 0.00043247148
 Epoch = 100,  Loss: 0.00043186598
 Epoch = 150,  Loss: 0.00042256128
 Epoch = 200,  Loss: 0.00041761732
 Epoch = 250,  Loss: 0.0004109015
 Epoch = 299,  Loss: 0.00040322525
--Update of pi--
   Epoch =  0 ,  Loss: 0.002382461680099368
   Epoch =  19 ,  Loss: 0.0022442436311393976
--Estimation of V--
 Epoch = 0,  Loss: 0.00040306692
 Epoch = 50,  Loss: 0.00041420464
 Epoch = 100,  Loss: 0.00041503337
 Epoch = 150,  Loss: 0.0003956749
 Epoch = 200,  Loss: 0.00038740053
 Epoch = 250,  Loss: 0.00037827587
 Epoch = 299,  Loss: 0.00036501355
--Update of pi--
   Epoch =  0 ,  Loss: 0.0022608130238950253
   Epoch =  19 ,  Loss: 0.0024352800101041794
--Estimation of V--
 Epoch = 0,  Loss: 0.00036473322
 Epoch = 50,  Loss: 0.00042081706
 Epoch = 100,  Loss: 0.00041726275
 Epoch = 150,  Loss: 0.00034471028
 Epoch = 200,  Loss: 0.00040148
 Epoch = 250,  Loss: 0.0022024624
 Epoch = 299,  Loss: 0.0027948702
--Update of pi--
   Epoch =  0 ,  Loss: 0.0027873096987605095
   Epoch =  19 ,  Loss: 0.00910588726401329
--Estimation of V--
 Epoch = 0,  Loss: 0.0028044202
 Epoch = 50,  Loss: 0.0034827578
 Epoch = 100,  Loss: 0.008252616
 Epoch = 150,  Loss: 0.014647905
 Epoch = 200,  Loss: 0.00967827
 Epoch = 250,  Loss: 0.0013954215
 Epoch = 299,  Loss: 0.0017350836
--Update of pi--
   Epoch =  0 ,  Loss: 0.009186003357172012
   Epoch =  19 ,  Loss: 0.010679518803954124
--Estimation of V--
 Epoch = 0,  Loss: 0.00176551
 Epoch = 50,  Loss: 0.0031064572
 Epoch = 100,  Loss: 0.005462031
 Epoch = 150,  Loss: 0.005242145
 Epoch = 200,  Loss: 0.0031672607
 Epoch = 250,  Loss: 0.004611819
 Epoch = 299,  Loss: 0.0041765543
--Update of pi--
   Epoch =  0 ,  Loss: 0.010710705071687698
   Epoch =  19 ,  Loss: 0.010910873301327229
--Estimation of V--
 Epoch = 0,  Loss: 0.0041620512
 Epoch = 50,  Loss: 0.001671312
 Epoch = 100,  Loss: 0.0014395991
 Epoch = 150,  Loss: 0.0012656427
 Epoch = 200,  Loss: 0.0016772547
 Epoch = 250,  Loss: 0.0018698471
 Epoch = 299,  Loss: 0.002300859
--Update of pi--
   Epoch =  0 ,  Loss: 0.01092007290571928
   Epoch =  19 ,  Loss: 0.011008579283952713
--Estimation of V--
 Epoch = 0,  Loss: 0.0022962335
 Epoch = 50,  Loss: 0.0024449304
 Epoch = 100,  Loss: 0.0013681976
 Epoch = 150,  Loss: 0.0006341195
 Epoch = 200,  Loss: 0.0005283673
 Epoch = 250,  Loss: 0.0005736099
 Epoch = 299,  Loss: 0.0005856588
--Update of pi--
   Epoch =  0 ,  Loss: 0.010999228805303574
   Epoch =  19 ,  Loss: 0.010804607532918453
--Estimation of V--
 Epoch = 0,  Loss: 0.00058465864
 Epoch = 50,  Loss: 0.0005652676
 Epoch = 100,  Loss: 0.00054113916
 Epoch = 150,  Loss: 0.00047590595
 Epoch = 200,  Loss: 0.00046037693
 Epoch = 250,  Loss: 0.0004597413
 Epoch = 299,  Loss: 0.00045882375
--Update of pi--
   Epoch =  0 ,  Loss: 0.010453350841999054
   Epoch =  19 ,  Loss: 0.004168896470218897
--Estimation of V--
 Epoch = 0,  Loss: 0.0004588015
 Epoch = 50,  Loss: 0.00045737426
 Epoch = 100,  Loss: 0.00045513018
 Epoch = 150,  Loss: 0.00045299775
 Epoch = 200,  Loss: 0.0004511086
 Epoch = 250,  Loss: 0.0004487503
 Epoch = 299,  Loss: 0.00044608352
--Update of pi--
   Epoch =  0 ,  Loss: 0.004092724993824959
   Epoch =  19 ,  Loss: 0.0026457556523382664
--Estimation of V--
 Epoch = 0,  Loss: 0.0004460307
 Epoch = 50,  Loss: 0.00045588973
 Epoch = 100,  Loss: 0.0004613997
 Epoch = 150,  Loss: 0.0004548368
 Epoch = 200,  Loss: 0.00045071763
 Epoch = 250,  Loss: 0.00044486788
 Epoch = 299,  Loss: 0.00043976537
--Update of pi--
   Epoch =  0 ,  Loss: 0.0026146569289267063
   Epoch =  19 ,  Loss: 0.00243059522472322
--Estimation of V--
 Epoch = 0,  Loss: 0.00043966022
 Epoch = 50,  Loss: 0.00044733184
 Epoch = 100,  Loss: 0.00044993486
 Epoch = 150,  Loss: 0.0004403409
 Epoch = 200,  Loss: 0.0004346017
 Epoch = 250,  Loss: 0.0004271518
 Epoch = 299,  Loss: 0.00042026606
--Update of pi--
   Epoch =  0 ,  Loss: 0.0024171217810362577
   Epoch =  19 ,  Loss: 0.0023016096092760563
--Estimation of V--
 Epoch = 0,  Loss: 0.0004201316
 Epoch = 50,  Loss: 0.00043181
 Epoch = 100,  Loss: 0.0004350491
 Epoch = 150,  Loss: 0.00042003894
 Epoch = 200,  Loss: 0.00041253463
 Epoch = 250,  Loss: 0.00040357866
 Epoch = 299,  Loss: 0.00039471418
--Update of pi--
   Epoch =  0 ,  Loss: 0.0022895492147654295
   Epoch =  19 ,  Loss: 0.0021950446534901857
--Estimation of V--
 Epoch = 0,  Loss: 0.0003945434
 Epoch = 50,  Loss: 0.0004154448
 Epoch = 100,  Loss: 0.00042080975
 Epoch = 150,  Loss: 0.00039540962
 Epoch = 200,  Loss: 0.00038499464
 Epoch = 250,  Loss: 0.00037430457
 Epoch = 299,  Loss: 0.00036313027
--Update of pi--
   Epoch =  0 ,  Loss: 0.002207488752901554
   Epoch =  19 ,  Loss: 0.0022596234921365976
--Estimation of V--
 Epoch = 0,  Loss: 0.00036291569
 Epoch = 50,  Loss: 0.00040357787
 Epoch = 100,  Loss: 0.00041051663
 Epoch = 150,  Loss: 0.00036332366
 Epoch = 200,  Loss: 0.00035068285
 Epoch = 250,  Loss: 0.00033922316
 Epoch = 299,  Loss: 0.00032550178
--Update of pi--
   Epoch =  0 ,  Loss: 0.002288596238940954
   Epoch =  19 ,  Loss: 0.0026390093844383955
--Estimation of V--
 Epoch = 0,  Loss: 0.0003252556
 Epoch = 50,  Loss: 0.0004082971
 Epoch = 100,  Loss: 0.0004067658
 Epoch = 150,  Loss: 0.00031295634
 Epoch = 200,  Loss: 0.0003073387
 Epoch = 250,  Loss: 0.0036198318
 Epoch = 299,  Loss: 0.008596958
--Update of pi--
   Epoch =  0 ,  Loss: 0.0031434991396963596
   Epoch =  19 ,  Loss: 0.012674391269683838
--Estimation of V--
 Epoch = 0,  Loss: 0.00862147
 Epoch = 50,  Loss: 0.009727
 Epoch = 100,  Loss: 0.0074654156
 Epoch = 150,  Loss: 0.005508157
 Epoch = 200,  Loss: 0.004440406
 Epoch = 250,  Loss: 0.007067208
 Epoch = 299,  Loss: 0.011706239
--Update of pi--
   Epoch =  0 ,  Loss: 0.012726401910185814
   Epoch =  19 ,  Loss: 0.013636456802487373
--Estimation of V--
 Epoch = 0,  Loss: 0.0117273
 Epoch = 50,  Loss: 0.0074422425
 Epoch = 100,  Loss: 0.0017672353
 Epoch = 150,  Loss: 0.0035729269
 Epoch = 200,  Loss: 0.00833994
 Epoch = 250,  Loss: 0.0067798737
 Epoch = 299,  Loss: 0.0024801404
--Update of pi--
   Epoch =  0 ,  Loss: 0.013668298721313477
   Epoch =  19 ,  Loss: 0.01394248753786087
--Estimation of V--
 Epoch = 0,  Loss: 0.0024125648
 Epoch = 50,  Loss: 0.001582776
 Epoch = 100,  Loss: 0.000699244
 Epoch = 150,  Loss: 0.00067695195
 Epoch = 200,  Loss: 0.0013504894
 Epoch = 250,  Loss: 0.0016703744
 Epoch = 299,  Loss: 0.0013136729
--Update of pi--
   Epoch =  0 ,  Loss: 0.013927792198956013
   Epoch =  19 ,  Loss: 0.013847836293280125
--Estimation of V--
 Epoch = 0,  Loss: 0.0013107765
 Epoch = 50,  Loss: 0.0012368726
 Epoch = 100,  Loss: 0.00095295155
 Epoch = 150,  Loss: 0.0016006988
 Epoch = 200,  Loss: 0.0019244615
 Epoch = 250,  Loss: 0.0016837358
 Epoch = 299,  Loss: 0.0014363778
--Update of pi--
   Epoch =  0 ,  Loss: 0.013842538930475712
   Epoch =  19 ,  Loss: 0.013794315047562122
--Estimation of V--
 Epoch = 0,  Loss: 0.0014344823
 Epoch = 50,  Loss: 0.00065987767
 Epoch = 100,  Loss: 0.00050346064
 Epoch = 150,  Loss: 0.00048806856
 Epoch = 200,  Loss: 0.00042283366
 Epoch = 250,  Loss: 0.00042049863
 Epoch = 299,  Loss: 0.00042773894
--Update of pi--
   Epoch =  0 ,  Loss: 0.013290725648403168
   Epoch =  19 ,  Loss: 0.0037337392568588257
--Estimation of V--
 Epoch = 0,  Loss: 0.0004278133
 Epoch = 50,  Loss: 0.0004290135
 Epoch = 100,  Loss: 0.00042324056
 Epoch = 150,  Loss: 0.0004170321
 Epoch = 200,  Loss: 0.00041373778
 Epoch = 250,  Loss: 0.00041228117
 Epoch = 299,  Loss: 0.00041115074
--Update of pi--
   Epoch =  0 ,  Loss: 0.003678807057440281
   Epoch =  19 ,  Loss: 0.0027534866239875555
*** Epoch =  200 completed, Duration =  4483.536 secs ***
--Estimation of V--
 Epoch = 0,  Loss: 0.00041112897
 Epoch = 50,  Loss: 0.00041148023
 Epoch = 100,  Loss: 0.00041199394
 Epoch = 150,  Loss: 0.00041092225
 Epoch = 200,  Loss: 0.00040972402
 Epoch = 250,  Loss: 0.0004086211
 Epoch = 299,  Loss: 0.00040743605
--Update of pi--
   Epoch =  0 ,  Loss: 0.0027161664329469204
   Epoch =  19 ,  Loss: 0.0024200747720897198
--Estimation of V--
 Epoch = 0,  Loss: 0.00040741282
 Epoch = 50,  Loss: 0.00041007026
 Epoch = 100,  Loss: 0.00041248478
 Epoch = 150,  Loss: 0.00041072324
 Epoch = 200,  Loss: 0.00040902867
 Epoch = 250,  Loss: 0.00040733576
 Epoch = 299,  Loss: 0.00040553196
--Update of pi--
   Epoch =  0 ,  Loss: 0.0024217902682721615
   Epoch =  19 ,  Loss: 0.0024118295405060053
--Estimation of V--
 Epoch = 0,  Loss: 0.00040549674
 Epoch = 50,  Loss: 0.00040962675
 Epoch = 100,  Loss: 0.0004124764
 Epoch = 150,  Loss: 0.00040917203
 Epoch = 200,  Loss: 0.00040677958
 Epoch = 250,  Loss: 0.00040413218
 Epoch = 299,  Loss: 0.00040149593
--Update of pi--
   Epoch =  0 ,  Loss: 0.0023842384107410908
   Epoch =  19 ,  Loss: 0.002020895481109619
--Estimation of V--
 Epoch = 0,  Loss: 0.00040144398
 Epoch = 50,  Loss: 0.00040510338
 Epoch = 100,  Loss: 0.00040671264
 Epoch = 150,  Loss: 0.00040218828
 Epoch = 200,  Loss: 0.00039935834
 Epoch = 250,  Loss: 0.00039599903
 Epoch = 299,  Loss: 0.0003927559
--Update of pi--
   Epoch =  0 ,  Loss: 0.002016326878219843
   Epoch =  19 ,  Loss: 0.0019788637291640043
--Estimation of V--
 Epoch = 0,  Loss: 0.00039269126
 Epoch = 50,  Loss: 0.000395662
 Epoch = 100,  Loss: 0.00039568028
 Epoch = 150,  Loss: 0.0003900118
 Epoch = 200,  Loss: 0.00038709713
 Epoch = 250,  Loss: 0.00038340225
 Epoch = 299,  Loss: 0.00037976273
--Update of pi--
   Epoch =  0 ,  Loss: 0.0019783417228609324
   Epoch =  19 ,  Loss: 0.0019378673750907183
--Estimation of V--
 Epoch = 0,  Loss: 0.00037968863
 Epoch = 50,  Loss: 0.00038296633
 Epoch = 100,  Loss: 0.0003816235
 Epoch = 150,  Loss: 0.0003739252
 Epoch = 200,  Loss: 0.00037102707
 Epoch = 250,  Loss: 0.00036737905
 Epoch = 299,  Loss: 0.00036341074
--Update of pi--
   Epoch =  0 ,  Loss: 0.0019397437572479248
   Epoch =  19 ,  Loss: 0.001921436982229352
--Estimation of V--
 Epoch = 0,  Loss: 0.00036332704
 Epoch = 50,  Loss: 0.00036839818
 Epoch = 100,  Loss: 0.00036765958
 Epoch = 150,  Loss: 0.0003561907
 Epoch = 200,  Loss: 0.00035145343
 Epoch = 250,  Loss: 0.00034829855
 Epoch = 299,  Loss: 0.00034393932
--Update of pi--
   Epoch =  0 ,  Loss: 0.0019288830226287246
   Epoch =  19 ,  Loss: 0.001987476833164692
--Estimation of V--
 Epoch = 0,  Loss: 0.00034384071
 Epoch = 50,  Loss: 0.00035924342
 Epoch = 100,  Loss: 0.00037200845
 Epoch = 150,  Loss: 0.00035441405
 Epoch = 200,  Loss: 0.00033571135
 Epoch = 250,  Loss: 0.0003275951
 Epoch = 299,  Loss: 0.00032262315
--Update of pi--
   Epoch =  0 ,  Loss: 0.002004995010793209
