*** Name of the repository:  v001.001.001 ***
*** Environment parameters:  {'S0': 10, 'B0': 0.001, 'K': 10, 'T': 0.08333, 'mu': 0.1, 'sigma': 0.2, 'r': 0.0, 'epsilon': 0.005, 'alpha0': 0, 'max_alpha': 5, 'Ndt': 100} ***
*** Algorithm parameters:  {'Ntrajectories': 200, 'Mtransitions': 200, 'Nepochs': 400, 'gamma': 0.99, 'seed': 42, 'Nepochs_V_init': 1500, 'Nepochs_V': 300, 'lr_V': '5e-4', 'batch_V': 200, 'hidden_V': 16, 'layers_V': 4, 'Nepochs_pi': 20, 'lr_pi': '5e-4', 'batch_pi': 200, 'hidden_pi': 16, 'layers_pi': 3} ***
*** Risk measures parameters:  {'method': 'CVaR'} ***
*** Run parameters:  None ***
*** Risk measures:  ['CVaR'] ***
*** alpha_cvar:  [0.2]
02-26 12:23:53: Training starting...
--Estimation of V--
 Epoch = 0,  Loss: 3544.876
 Epoch = 50,  Loss: 3544.2043
 Epoch = 100,  Loss: 3540.7437
 Epoch = 150,  Loss: 3510.3235
 Epoch = 200,  Loss: 3356.0596
 Epoch = 250,  Loss: 2847.213
 Epoch = 300,  Loss: 1938.1278
 Epoch = 350,  Loss: 1369.7568
 Epoch = 400,  Loss: 1426.6808
 Epoch = 450,  Loss: 1550.3647
 Epoch = 500,  Loss: 1587.2139
 Epoch = 550,  Loss: 1603.8583
 Epoch = 600,  Loss: 1612.8824
 Epoch = 650,  Loss: 1617.923
 Epoch = 700,  Loss: 1620.3494
 Epoch = 750,  Loss: 1621.1942
 Epoch = 800,  Loss: 1621.5258
 Epoch = 850,  Loss: 1621.7719
 Epoch = 900,  Loss: 1621.741
 Epoch = 950,  Loss: 1621.6924
 Epoch = 1000,  Loss: 1621.8927
 Epoch = 1050,  Loss: 1622.245
 Epoch = 1100,  Loss: 1622.5236
 Epoch = 1150,  Loss: 1622.6144
 Epoch = 1200,  Loss: 1622.5708
 Epoch = 1250,  Loss: 1622.4404
 Epoch = 1300,  Loss: 1622.3002
 Epoch = 1350,  Loss: 1622.162
 Epoch = 1400,  Loss: 1621.9833
 Epoch = 1450,  Loss: 1621.8556
 Epoch = 1499,  Loss: 1621.7662
--Estimation of V--
 Epoch = 0,  Loss: 1621.7649
 Epoch = 50,  Loss: 1621.7344
 Epoch = 100,  Loss: 1621.8297
 Epoch = 150,  Loss: 1622.0557
 Epoch = 200,  Loss: 1622.355
 Epoch = 250,  Loss: 1622.5188
 Epoch = 299,  Loss: 1622.6417
--Update of pi--
   Epoch =  0 ,  Loss: 0.2745051085948944
   Epoch =  19 ,  Loss: 0.27401331067085266
*** Epoch =  0 completed, Duration =  105.629 secs ***
--Estimation of V--
 Epoch = 0,  Loss: 1622.4877
 Epoch = 50,  Loss: 1593.2028
 Epoch = 100,  Loss: 1560.453
 Epoch = 150,  Loss: 1556.6863
 Epoch = 200,  Loss: 1556.6871
 Epoch = 250,  Loss: 1557.3158
 Epoch = 299,  Loss: 1558.1134
--Update of pi--
   Epoch =  0 ,  Loss: 0.2750633955001831
   Epoch =  19 ,  Loss: 0.28399282693862915
--Estimation of V--
 Epoch = 0,  Loss: 1558.0095
 Epoch = 50,  Loss: 1529.8706
 Epoch = 100,  Loss: 1498.0531
 Epoch = 150,  Loss: 1494.9934
 Epoch = 200,  Loss: 1495.7856
 Epoch = 250,  Loss: 1496.8403
 Epoch = 299,  Loss: 1497.9778
--Update of pi--
   Epoch =  0 ,  Loss: 0.28483089804649353
   Epoch =  19 ,  Loss: 0.29393789172172546
--Estimation of V--
 Epoch = 0,  Loss: 1497.9341
 Epoch = 50,  Loss: 1469.8037
 Epoch = 100,  Loss: 1438.332
 Epoch = 150,  Loss: 1436.2734
 Epoch = 200,  Loss: 1437.6094
 Epoch = 250,  Loss: 1438.8181
 Epoch = 299,  Loss: 1440.0748
--Update of pi--
   Epoch =  0 ,  Loss: 0.29469549655914307
   Epoch =  19 ,  Loss: 0.3033629357814789
--Estimation of V--
 Epoch = 0,  Loss: 1440.1317
 Epoch = 50,  Loss: 1410.0292
 Epoch = 100,  Loss: 1375.0692
 Epoch = 150,  Loss: 1371.3022
 Epoch = 200,  Loss: 1372.0402
 Epoch = 250,  Loss: 1372.7415
 Epoch = 299,  Loss: 1373.5028
--Update of pi--
   Epoch =  0 ,  Loss: 0.3041399121284485
   Epoch =  19 ,  Loss: 0.31293994188308716
--Estimation of V--
 Epoch = 0,  Loss: 1373.798
 Epoch = 50,  Loss: 1347.6775
 Epoch = 100,  Loss: 1318.5518
 Epoch = 150,  Loss: 1317.4039
 Epoch = 200,  Loss: 1319.3899
 Epoch = 250,  Loss: 1320.9392
 Epoch = 299,  Loss: 1322.3679
--Update of pi--
   Epoch =  0 ,  Loss: 0.3139815032482147
   Epoch =  19 ,  Loss: 0.3289308249950409
--Estimation of V--
 Epoch = 0,  Loss: 1323.361
 Epoch = 50,  Loss: 1309.6364
 Epoch = 100,  Loss: 1290.3074
 Epoch = 150,  Loss: 1286.4655
 Epoch = 200,  Loss: 1286.9374
 Epoch = 250,  Loss: 1287.602
 Epoch = 299,  Loss: 1288.0884
--Update of pi--
   Epoch =  0 ,  Loss: 0.3299195170402527
   Epoch =  19 ,  Loss: 0.3419613242149353
--Estimation of V--
 Epoch = 0,  Loss: 1290.5791
 Epoch = 50,  Loss: 1326.9749
 Epoch = 100,  Loss: 1364.223
 Epoch = 150,  Loss: 1369.2172
 Epoch = 200,  Loss: 1371.7133
 Epoch = 250,  Loss: 1373.0134
 Epoch = 299,  Loss: 1373.6193
--Update of pi--
   Epoch =  0 ,  Loss: 0.34276115894317627
   Epoch =  19 ,  Loss: 0.35103854537010193
--Estimation of V--
 Epoch = 0,  Loss: 1379.1758
 Epoch = 50,  Loss: 1547.7122
 Epoch = 100,  Loss: 1721.1742
 Epoch = 150,  Loss: 1734.1116
 Epoch = 200,  Loss: 1738.1691
 Epoch = 250,  Loss: 1741.575
 Epoch = 299,  Loss: 1743.9929
--Update of pi--
   Epoch =  0 ,  Loss: 0.35166218876838684
   Epoch =  19 ,  Loss: 0.35784947872161865
--Estimation of V--
 Epoch = 0,  Loss: 1755.8824
 Epoch = 50,  Loss: 2239.542
 Epoch = 100,  Loss: 2717.1743
 Epoch = 150,  Loss: 2728.038
 Epoch = 200,  Loss: 2734.268
 Epoch = 250,  Loss: 2737.9285
 Epoch = 299,  Loss: 2740.2056
--Update of pi--
   Epoch =  0 ,  Loss: 0.3584285378456116
   Epoch =  19 ,  Loss: 0.3651501536369324
--Estimation of V--
 Epoch = 0,  Loss: 2758.031
 Epoch = 50,  Loss: 3558.9612
 Epoch = 100,  Loss: 4333.615
 Epoch = 150,  Loss: 4328.216
 Epoch = 200,  Loss: 4331.9795
 Epoch = 250,  Loss: 4334.569
 Epoch = 299,  Loss: 4336.288
--Update of pi--
   Epoch =  0 ,  Loss: 0.36581185460090637
   Epoch =  19 ,  Loss: 0.3739403188228607
--Estimation of V--
 Epoch = 0,  Loss: 4339.8555
 Epoch = 50,  Loss: 4553.3164
 Epoch = 100,  Loss: 4710.03
 Epoch = 150,  Loss: 4653.3633
 Epoch = 200,  Loss: 4648.254
 Epoch = 250,  Loss: 4646.9995
 Epoch = 299,  Loss: 4646.5264
--Update of pi--
   Epoch =  0 ,  Loss: 0.3750247657299042
   Epoch =  19 ,  Loss: 0.397022008895874
--Estimation of V--
 Epoch = 0,  Loss: 4646.821
 Epoch = 50,  Loss: 4794.39
 Epoch = 100,  Loss: 4933.219
 Epoch = 150,  Loss: 4921.055
 Epoch = 200,  Loss: 4915.255
 Epoch = 250,  Loss: 4910.576
 Epoch = 299,  Loss: 4906.1216
--Update of pi--
   Epoch =  0 ,  Loss: 0.39929497241973877
   Epoch =  19 ,  Loss: 0.4484432339668274
--Estimation of V--
 Epoch = 0,  Loss: 4906.0586
 Epoch = 50,  Loss: 4996.998
 Epoch = 100,  Loss: 5105.187
 Epoch = 150,  Loss: 5122.2363
 Epoch = 200,  Loss: 5123.147
 Epoch = 250,  Loss: 5118.325
 Epoch = 299,  Loss: 5110.608
--Update of pi--
   Epoch =  0 ,  Loss: 0.45148956775665283
   Epoch =  19 ,  Loss: 0.5162789821624756
--Estimation of V--
 Epoch = 0,  Loss: 5110.4316
 Epoch = 50,  Loss: 5146.3
 Epoch = 100,  Loss: 5194.217
 Epoch = 150,  Loss: 5195.874
 Epoch = 200,  Loss: 5184.235
 Epoch = 250,  Loss: 5171.8184
 Epoch = 299,  Loss: 5156.851
--Update of pi--
   Epoch =  0 ,  Loss: 0.5193822383880615
   Epoch =  19 ,  Loss: 0.5854421854019165
--Estimation of V--
 Epoch = 0,  Loss: 5156.5674
 Epoch = 50,  Loss: 5169.22
 Epoch = 100,  Loss: 5187.624
 Epoch = 150,  Loss: 5181.8296
 Epoch = 200,  Loss: 5170.009
 Epoch = 250,  Loss: 5157.4287
 Epoch = 299,  Loss: 5145.365
--Update of pi--
   Epoch =  0 ,  Loss: 0.5884202718734741
   Epoch =  19 ,  Loss: 0.6542652249336243
--Estimation of V--
 Epoch = 0,  Loss: 5145.094
 Epoch = 50,  Loss: 5146.1577
 Epoch = 100,  Loss: 5150.578
 Epoch = 150,  Loss: 5143.12
 Epoch = 200,  Loss: 5134.207
 Epoch = 250,  Loss: 5121.2554
 Epoch = 299,  Loss: 5109.541
--Update of pi--
   Epoch =  0 ,  Loss: 0.6566508412361145
   Epoch =  19 ,  Loss: 0.7076334357261658
--Estimation of V--
 Epoch = 0,  Loss: 5109.323
 Epoch = 50,  Loss: 5111.549
 Epoch = 100,  Loss: 5116.201
 Epoch = 150,  Loss: 5109.338
 Epoch = 200,  Loss: 5101.8535
 Epoch = 250,  Loss: 5093.67
 Epoch = 299,  Loss: 5085.5024
--Update of pi--
   Epoch =  0 ,  Loss: 0.7087410092353821
   Epoch =  19 ,  Loss: 0.7315356731414795
--Estimation of V--
 Epoch = 0,  Loss: 5085.3623
 Epoch = 50,  Loss: 5089.892
 Epoch = 100,  Loss: 5096.881
 Epoch = 150,  Loss: 5093.056
 Epoch = 200,  Loss: 5087.854
 Epoch = 250,  Loss: 5083.2173
 Epoch = 299,  Loss: 5078.5664
--Update of pi--
   Epoch =  0 ,  Loss: 0.7317554950714111
   Epoch =  19 ,  Loss: 0.7362644672393799
--Estimation of V--
 Epoch = 0,  Loss: 5078.4604
 Epoch = 50,  Loss: 5085.205
 Epoch = 100,  Loss: 5094.466
 Epoch = 150,  Loss: 5092.171
 Epoch = 200,  Loss: 5087.4604
 Epoch = 250,  Loss: 5083.7324
 Epoch = 299,  Loss: 5082.2256
--Update of pi--
   Epoch =  0 ,  Loss: 0.7361371517181396
   Epoch =  19 ,  Loss: 0.7337656617164612
--Estimation of V--
 Epoch = 0,  Loss: 5082.207
 Epoch = 50,  Loss: 5092.9883
 Epoch = 100,  Loss: 5104.2373
 Epoch = 150,  Loss: 5104.2876
 Epoch = 200,  Loss: 5103.8477
 Epoch = 250,  Loss: 5103.14
 Epoch = 299,  Loss: 5102.09
--Update of pi--
   Epoch =  0 ,  Loss: 0.7334898114204407
   Epoch =  19 ,  Loss: 0.7282170057296753
--Estimation of V--
 Epoch = 0,  Loss: 5102.063
 Epoch = 50,  Loss: 5114.4
 Epoch = 100,  Loss: 5128.7354
 Epoch = 150,  Loss: 5130.5723
 Epoch = 200,  Loss: 5130.5776
 Epoch = 250,  Loss: 5131.959
 Epoch = 299,  Loss: 5135.054
--Update of pi--
   Epoch =  0 ,  Loss: 0.7279189825057983
   Epoch =  19 ,  Loss: 0.7222118973731995
--Estimation of V--
 Epoch = 0,  Loss: 5135.084
 Epoch = 50,  Loss: 5150.5747
 Epoch = 100,  Loss: 5166.8525
 Epoch = 150,  Loss: 5170.3135
 Epoch = 200,  Loss: 5172.7754
 Epoch = 250,  Loss: 5174.6226
 Epoch = 299,  Loss: 5176.1895
--Update of pi--
   Epoch =  0 ,  Loss: 0.7219680547714233
   Epoch =  19 ,  Loss: 0.7173098921775818
--Estimation of V--
 Epoch = 0,  Loss: 5176.217
 Epoch = 50,  Loss: 5191.8247
 Epoch = 100,  Loss: 5207.913
 Epoch = 150,  Loss: 5210.001
 Epoch = 200,  Loss: 5210.597
 Epoch = 250,  Loss: 5210.718
 Epoch = 299,  Loss: 5210.783
--Update of pi--
   Epoch =  0 ,  Loss: 0.7171313762664795
   Epoch =  19 ,  Loss: 0.7137420773506165
--Estimation of V--
 Epoch = 0,  Loss: 5210.7817
 Epoch = 50,  Loss: 5224.4673
 Epoch = 100,  Loss: 5239.394
 Epoch = 150,  Loss: 5237.28
 Epoch = 200,  Loss: 5234.4155
 Epoch = 250,  Loss: 5232.18
 Epoch = 299,  Loss: 5227.685
--Update of pi--
   Epoch =  0 ,  Loss: 0.713640034198761
   Epoch =  19 ,  Loss: 0.7117509245872498
--Estimation of V--
 Epoch = 0,  Loss: 5227.584
 Epoch = 50,  Loss: 5237.9727
 Epoch = 100,  Loss: 5249.043
 Epoch = 150,  Loss: 5245.285
 Epoch = 200,  Loss: 5239.4814
 Epoch = 250,  Loss: 5233.088
 Epoch = 299,  Loss: 5227.472
--Update of pi--
   Epoch =  0 ,  Loss: 0.7116778492927551
   Epoch =  19 ,  Loss: 0.7103566527366638
--Estimation of V--
 Epoch = 0,  Loss: 5227.351
 Epoch = 50,  Loss: 5236.767
 Epoch = 100,  Loss: 5247.2573
 Epoch = 150,  Loss: 5242.2344
 Epoch = 200,  Loss: 5236.1846
 Epoch = 250,  Loss: 5231.498
 Epoch = 299,  Loss: 5226.8525
--Update of pi--
   Epoch =  0 ,  Loss: 0.7102473974227905
   Epoch =  19 ,  Loss: 0.7082650065422058
--Estimation of V--
 Epoch = 0,  Loss: 5226.7656
 Epoch = 50,  Loss: 5236.1636
 Epoch = 100,  Loss: 5244.9526
 Epoch = 150,  Loss: 5238.3594
 Epoch = 200,  Loss: 5236.8667
 Epoch = 250,  Loss: 5239.948
 Epoch = 299,  Loss: 5234.7417
--Update of pi--
   Epoch =  0 ,  Loss: 0.708197832107544
   Epoch =  19 ,  Loss: 0.7070180773735046
--Estimation of V--
 Epoch = 0,  Loss: 5235.7812
 Epoch = 50,  Loss: 5235.112
 Epoch = 100,  Loss: 5240.793
 Epoch = 150,  Loss: 5258.6206
 Epoch = 200,  Loss: 5296.1187
 Epoch = 250,  Loss: 5302.47
 Epoch = 299,  Loss: 5267.196
--Update of pi--
   Epoch =  0 ,  Loss: 0.70707106590271
   Epoch =  19 ,  Loss: 0.7081765532493591
--Estimation of V--
 Epoch = 0,  Loss: 5270.293
 Epoch = 50,  Loss: 5262.053
 Epoch = 100,  Loss: 5287.531
 Epoch = 150,  Loss: 5291.667
 Epoch = 200,  Loss: 5262.044
 Epoch = 250,  Loss: 5245.264
 Epoch = 299,  Loss: 5259.62
--Update of pi--
   Epoch =  0 ,  Loss: 0.707373857498169
   Epoch =  19 ,  Loss: 0.6921840906143188
--Estimation of V--
 Epoch = 0,  Loss: 5256.089
 Epoch = 50,  Loss: 5273.8364
 Epoch = 100,  Loss: 5264.4775
 Epoch = 150,  Loss: 5242.069
 Epoch = 200,  Loss: 5245.477
 Epoch = 250,  Loss: 5253.915
 Epoch = 299,  Loss: 5234.5435
--Update of pi--
   Epoch =  0 ,  Loss: 0.6917228698730469
   Epoch =  19 ,  Loss: 0.6830236315727234
--Estimation of V--
 Epoch = 0,  Loss: 5236.0854
 Epoch = 50,  Loss: 5214.004
 Epoch = 100,  Loss: 5206.108
 Epoch = 150,  Loss: 5201.3
 Epoch = 200,  Loss: 5194.326
 Epoch = 250,  Loss: 5184.2236
 Epoch = 299,  Loss: 5177.101
--Update of pi--
   Epoch =  0 ,  Loss: 0.6823282837867737
   Epoch =  19 ,  Loss: 0.6691637635231018
--Estimation of V--
 Epoch = 0,  Loss: 5176.9624
 Epoch = 50,  Loss: 5175.4146
 Epoch = 100,  Loss: 5174.477
 Epoch = 150,  Loss: 5168.6924
 Epoch = 200,  Loss: 5162.0586
 Epoch = 250,  Loss: 5155.1694
 Epoch = 299,  Loss: 5148.167
--Update of pi--
   Epoch =  0 ,  Loss: 0.6682121753692627
   Epoch =  19 ,  Loss: 0.6501647233963013
--Estimation of V--
 Epoch = 0,  Loss: 5148.027
 Epoch = 50,  Loss: 5144.3486
 Epoch = 100,  Loss: 5140.8364
 Epoch = 150,  Loss: 5133.5957
 Epoch = 200,  Loss: 5126.178
 Epoch = 250,  Loss: 5119.108
 Epoch = 299,  Loss: 5112.597
--Update of pi--
   Epoch =  0 ,  Loss: 0.6488654613494873
   Epoch =  19 ,  Loss: 0.6241908669471741
--Estimation of V--
 Epoch = 0,  Loss: 5112.458
 Epoch = 50,  Loss: 5108.9097
 Epoch = 100,  Loss: 5106.204
 Epoch = 150,  Loss: 5100.554
 Epoch = 200,  Loss: 5094.65
 Epoch = 250,  Loss: 5089.022
 Epoch = 299,  Loss: 5084.0874
--Update of pi--
   Epoch =  0 ,  Loss: 0.6235131621360779
   Epoch =  19 ,  Loss: 0.6106650829315186
--Estimation of V--
 Epoch = 0,  Loss: 5083.984
 Epoch = 50,  Loss: 5081.859
 Epoch = 100,  Loss: 5079.0596
 Epoch = 150,  Loss: 5073.5303
 Epoch = 200,  Loss: 5068.555
 Epoch = 250,  Loss: 5063.917
 Epoch = 299,  Loss: 5059.261
--Update of pi--
   Epoch =  0 ,  Loss: 0.6094456315040588
   Epoch =  19 ,  Loss: 0.5862975716590881
--Estimation of V--
 Epoch = 0,  Loss: 5059.183
 Epoch = 50,  Loss: 5056.278
 Epoch = 100,  Loss: 5054.481
 Epoch = 150,  Loss: 5060.1504
 Epoch = 200,  Loss: 5128.473
 Epoch = 250,  Loss: 5355.26
 Epoch = 299,  Loss: 5469.8643
--Update of pi--
   Epoch =  0 ,  Loss: 0.5857736468315125
   Epoch =  19 ,  Loss: 0.5758316516876221
--Estimation of V--
 Epoch = 0,  Loss: 5479.1973
 Epoch = 50,  Loss: 5405.037
 Epoch = 100,  Loss: 5383.1094
 Epoch = 150,  Loss: 5396.475
 Epoch = 200,  Loss: 5364.5474
 Epoch = 250,  Loss: 5325.102
 Epoch = 299,  Loss: 5365.584
--Update of pi--
   Epoch =  0 ,  Loss: 0.5744913220405579
   Epoch =  19 ,  Loss: 0.5490326285362244
--Estimation of V--
 Epoch = 0,  Loss: 5360.1846
 Epoch = 50,  Loss: 5386.4023
 Epoch = 100,  Loss: 5353.6226
 Epoch = 150,  Loss: 5391.109
 Epoch = 200,  Loss: 5411.446
 Epoch = 250,  Loss: 5395.947
 Epoch = 299,  Loss: 5444.8955
--Update of pi--
   Epoch =  0 ,  Loss: 0.5485301613807678
   Epoch =  19 ,  Loss: 0.538989245891571
--Estimation of V--
 Epoch = 0,  Loss: 5444.6787
 Epoch = 50,  Loss: 5435.4795
 Epoch = 100,  Loss: 5468.6426
 Epoch = 150,  Loss: 5478.4277
 Epoch = 200,  Loss: 5498.6064
 Epoch = 250,  Loss: 5516.3735
 Epoch = 299,  Loss: 5532.1357
--Update of pi--
   Epoch =  0 ,  Loss: 0.5386626720428467
   Epoch =  19 ,  Loss: 0.5324630737304688
--Estimation of V--
 Epoch = 0,  Loss: 5534.1743
 Epoch = 50,  Loss: 5579.8096
 Epoch = 100,  Loss: 5578.5405
 Epoch = 150,  Loss: 5651.5005
 Epoch = 200,  Loss: 5626.815
 Epoch = 250,  Loss: 5640.545
 Epoch = 299,  Loss: 5698.8
--Update of pi--
   Epoch =  0 ,  Loss: 0.5314393639564514
   Epoch =  19 ,  Loss: 0.5119898915290833
--Estimation of V--
 Epoch = 0,  Loss: 5697.379
 Epoch = 50,  Loss: 5645.31
 Epoch = 100,  Loss: 5690.534
 Epoch = 150,  Loss: 5740.2524
 Epoch = 200,  Loss: 5684.142
 Epoch = 250,  Loss: 5726.82
 Epoch = 299,  Loss: 5791.69
--Update of pi--
   Epoch =  0 ,  Loss: 0.510633647441864
   Epoch =  19 ,  Loss: 0.4848666489124298
--Estimation of V--
 Epoch = 0,  Loss: 5790.69
 Epoch = 50,  Loss: 5742.538
 Epoch = 100,  Loss: 5755.679
 Epoch = 150,  Loss: 5844.4287
 Epoch = 200,  Loss: 5837.0576
 Epoch = 250,  Loss: 5781.0117
 Epoch = 299,  Loss: 5817.08
--Update of pi--
   Epoch =  0 ,  Loss: 0.485057532787323
   Epoch =  19 ,  Loss: 0.48868659138679504
--Estimation of V--
 Epoch = 0,  Loss: 5824.552
 Epoch = 50,  Loss: 5903.754
 Epoch = 100,  Loss: 5888.314
 Epoch = 150,  Loss: 5841.7173
 Epoch = 200,  Loss: 5883.1055
 Epoch = 250,  Loss: 5965.965
 Epoch = 299,  Loss: 5983.0757
--Update of pi--
   Epoch =  0 ,  Loss: 0.4876123070716858
   Epoch =  19 ,  Loss: 0.46720167994499207
--Estimation of V--
 Epoch = 0,  Loss: 5978.7754
 Epoch = 50,  Loss: 5928.9556
 Epoch = 100,  Loss: 5915.259
 Epoch = 150,  Loss: 5971.9614
 Epoch = 200,  Loss: 6030.172
 Epoch = 250,  Loss: 6027.571
 Epoch = 299,  Loss: 5990.3325
--Update of pi--
   Epoch =  0 ,  Loss: 0.4657125473022461
   Epoch =  19 ,  Loss: 0.43741849064826965
--Estimation of V--
 Epoch = 0,  Loss: 5983.893
 Epoch = 50,  Loss: 5976.308
 Epoch = 100,  Loss: 6029.3306
 Epoch = 150,  Loss: 6089.1875
 Epoch = 200,  Loss: 6099.801
 Epoch = 250,  Loss: 6060.5493
 Epoch = 299,  Loss: 6029.263
--Update of pi--
   Epoch =  0 ,  Loss: 0.4369204044342041
   Epoch =  19 ,  Loss: 0.42745837569236755
--Estimation of V--
 Epoch = 0,  Loss: 6026.5576
 Epoch = 50,  Loss: 6046.861
 Epoch = 100,  Loss: 6105.6875
 Epoch = 150,  Loss: 6146.5845
 Epoch = 200,  Loss: 6137.1973
 Epoch = 250,  Loss: 6098.913
 Epoch = 299,  Loss: 6087.5005
--Update of pi--
   Epoch =  0 ,  Loss: 0.42698046565055847
   Epoch =  19 ,  Loss: 0.4179006516933441
--Estimation of V--
 Epoch = 0,  Loss: 6088.109
 Epoch = 50,  Loss: 6128.1274
 Epoch = 100,  Loss: 6183.241
 Epoch = 150,  Loss: 6205.3086
 Epoch = 200,  Loss: 6184.166
 Epoch = 250,  Loss: 6150.9844
 Epoch = 299,  Loss: 6148.0913
--Update of pi--
   Epoch =  0 ,  Loss: 0.41688042879104614
   Epoch =  19 ,  Loss: 0.39749544858932495
--Estimation of V--
 Epoch = 0,  Loss: 6149.694
 Epoch = 50,  Loss: 6193.716
 Epoch = 100,  Loss: 6246.977
 Epoch = 150,  Loss: 6269.703
 Epoch = 200,  Loss: 6253.3374
 Epoch = 250,  Loss: 6221.5024
 Epoch = 299,  Loss: 6213.6113
--Update of pi--
   Epoch =  0 ,  Loss: 0.396971732378006
   Epoch =  19 ,  Loss: 0.3870213031768799
--Estimation of V--
 Epoch = 0,  Loss: 6213.9175
 Epoch = 50,  Loss: 6248.5225
 Epoch = 100,  Loss: 6300.4907
 Epoch = 150,  Loss: 6332.19
 Epoch = 200,  Loss: 6329.1323
 Epoch = 250,  Loss: 6302.688
 Epoch = 299,  Loss: 6284.241
--Update of pi--
   Epoch =  0 ,  Loss: 0.3867464065551758
   Epoch =  19 ,  Loss: 0.38152241706848145
--Estimation of V--
 Epoch = 0,  Loss: 6281.589
 Epoch = 50,  Loss: 6295.2246
 Epoch = 100,  Loss: 6341.652
 Epoch = 150,  Loss: 6388.768
 Epoch = 200,  Loss: 6410.4517
 Epoch = 250,  Loss: 6401.5312
 Epoch = 299,  Loss: 6381.78
--Update of pi--
   Epoch =  0 ,  Loss: 0.38116005063056946
   Epoch =  19 ,  Loss: 0.3742741346359253
--Estimation of V--
 Epoch = 0,  Loss: 6376.21
 Epoch = 50,  Loss: 6361.0205
 Epoch = 100,  Loss: 6374.723
 Epoch = 150,  Loss: 6415.9985
 Epoch = 200,  Loss: 6460.3545
 Epoch = 250,  Loss: 6483.2324
 Epoch = 299,  Loss: 6484.7876
--Update of pi--
   Epoch =  0 ,  Loss: 0.37426242232322693
   Epoch =  19 ,  Loss: 0.37404119968414307
--Estimation of V--
 Epoch = 0,  Loss: 6481.584
 Epoch = 50,  Loss: 6463.4976
 Epoch = 100,  Loss: 6443.7246
 Epoch = 150,  Loss: 6441.6187
 Epoch = 200,  Loss: 6465.3486
 Epoch = 250,  Loss: 6502.3354
 Epoch = 299,  Loss: 6529.8423
--Update of pi--
   Epoch =  0 ,  Loss: 0.3743075430393219
   Epoch =  19 ,  Loss: 0.37936919927597046
--Estimation of V--
 Epoch = 0,  Loss: 6532.6987
 Epoch = 50,  Loss: 6541.2515
 Epoch = 100,  Loss: 6526.754
 Epoch = 150,  Loss: 6501.64
 Epoch = 200,  Loss: 6488.058
 Epoch = 250,  Loss: 6499.4375
 Epoch = 299,  Loss: 6521.0005
--Update of pi--
   Epoch =  0 ,  Loss: 0.37960296869277954
   Epoch =  19 ,  Loss: 0.3840460181236267
--Estimation of V--
 Epoch = 0,  Loss: 6526.091
 Epoch = 50,  Loss: 6542.1343
 Epoch = 100,  Loss: 6527.0327
 Epoch = 150,  Loss: 6487.675
 Epoch = 200,  Loss: 6465.8623
 Epoch = 250,  Loss: 6505.5327
 Epoch = 299,  Loss: 6576.8125
--Update of pi--
   Epoch =  0 ,  Loss: 0.38462865352630615
   Epoch =  19 ,  Loss: 0.39569979906082153
--Estimation of V--
 Epoch = 0,  Loss: 6583.44
 Epoch = 50,  Loss: 6634.353
 Epoch = 100,  Loss: 6626.5127
 Epoch = 150,  Loss: 6577.431
 Epoch = 200,  Loss: 6529.6963
 Epoch = 250,  Loss: 6524.804
 Epoch = 299,  Loss: 6559.5386
--Update of pi--
   Epoch =  0 ,  Loss: 0.39615577459335327
   Epoch =  19 ,  Loss: 0.404820054769516
--Estimation of V--
 Epoch = 0,  Loss: 6565.139
 Epoch = 50,  Loss: 6604.5967
 Epoch = 100,  Loss: 6601.027
 Epoch = 150,  Loss: 6567.666
 Epoch = 200,  Loss: 6560.8643
 Epoch = 250,  Loss: 6599.293
 Epoch = 299,  Loss: 6635.6973
--Update of pi--
   Epoch =  0 ,  Loss: 0.4047960340976715
   Epoch =  19 ,  Loss: 0.40434005856513977
--Estimation of V--
 Epoch = 0,  Loss: 6639.3306
 Epoch = 50,  Loss: 6636.4785
 Epoch = 100,  Loss: 6594.984
 Epoch = 150,  Loss: 6566.5684
 Epoch = 200,  Loss: 6593.8467
 Epoch = 250,  Loss: 6644.8657
 Epoch = 299,  Loss: 6656.9873
--Update of pi--
   Epoch =  0 ,  Loss: 0.40369224548339844
   Epoch =  19 ,  Loss: 0.391383558511734
--Estimation of V--
 Epoch = 0,  Loss: 6654.4307
 Epoch = 50,  Loss: 6616.3975
 Epoch = 100,  Loss: 6590.9775
 Epoch = 150,  Loss: 6622.815
 Epoch = 200,  Loss: 6669.111
 Epoch = 250,  Loss: 6666.2207
 Epoch = 299,  Loss: 6627.1113
--Update of pi--
   Epoch =  0 ,  Loss: 0.39058277010917664
   Epoch =  19 ,  Loss: 0.3753683865070343
--Estimation of V--
 Epoch = 0,  Loss: 6621.8164
 Epoch = 50,  Loss: 6607.9336
 Epoch = 100,  Loss: 6652.4976
 Epoch = 150,  Loss: 6689.2036
 Epoch = 200,  Loss: 6664.7617
 Epoch = 250,  Loss: 6620.84
 Epoch = 299,  Loss: 6629.937
--Update of pi--
   Epoch =  0 ,  Loss: 0.37494751811027527
   Epoch =  19 ,  Loss: 0.3669506013393402
--Estimation of V--
 Epoch = 0,  Loss: 6634.4077
 Epoch = 50,  Loss: 6687.984
 Epoch = 100,  Loss: 6697.4336
 Epoch = 150,  Loss: 6653.0225
 Epoch = 200,  Loss: 6635.5283
 Epoch = 250,  Loss: 6681.384
 Epoch = 299,  Loss: 6717.295
--Update of pi--
   Epoch =  0 ,  Loss: 0.3665918707847595
   Epoch =  19 ,  Loss: 0.359775185585022
--Estimation of V--
 Epoch = 0,  Loss: 6717.747
 Epoch = 50,  Loss: 6688.7373
 Epoch = 100,  Loss: 6650.2173
 Epoch = 150,  Loss: 6675.114
 Epoch = 200,  Loss: 6726.523
 Epoch = 250,  Loss: 6720.708
 Epoch = 299,  Loss: 6677.4473
--Update of pi--
   Epoch =  0 ,  Loss: 0.3590339422225952
   Epoch =  19 ,  Loss: 0.3449498414993286
--Estimation of V--
 Epoch = 0,  Loss: 6672.866
 Epoch = 50,  Loss: 6671.9873
 Epoch = 100,  Loss: 6724.8174
 Epoch = 150,  Loss: 6745.7437
 Epoch = 200,  Loss: 6704.223
 Epoch = 250,  Loss: 6676.7207
 Epoch = 299,  Loss: 6710.029
--Update of pi--
   Epoch =  0 ,  Loss: 0.34518206119537354
   Epoch =  19 ,  Loss: 0.3495938777923584
--Estimation of V--
 Epoch = 0,  Loss: 6715.9243
 Epoch = 50,  Loss: 6757.765
 Epoch = 100,  Loss: 6735.6577
 Epoch = 150,  Loss: 6691.6064
 Epoch = 200,  Loss: 6705.3037
 Epoch = 250,  Loss: 6756.931
 Epoch = 299,  Loss: 6765.8125
--Update of pi--
   Epoch =  0 ,  Loss: 0.349751740694046
   Epoch =  19 ,  Loss: 0.3527514636516571
--Estimation of V--
 Epoch = 0,  Loss: 6762.7246
 Epoch = 50,  Loss: 6717.4717
 Epoch = 100,  Loss: 6701.9736
